Archive member included to satisfy reference by file (symbol)

C:/ST/STM32CubeIDE_1.12.0/STM32CubeIDE/plugins/com.st.stm32cube.ide.mcu.externaltools.gnu-tools-for-stm32.11.3.rel1.win32_1.1.0.202305231506/tools/bin/../lib/gcc/arm-none-eabi/11.3.1/../../../../arm-none-eabi/lib/thumb/v7-m/nofp\libc_nano.a(libc_a-exit.o)
                              C:/ST/STM32CubeIDE_1.12.0/STM32CubeIDE/plugins/com.st.stm32cube.ide.mcu.externaltools.gnu-tools-for-stm32.11.3.rel1.win32_1.1.0.202305231506/tools/bin/../lib/gcc/arm-none-eabi/11.3.1/../../../../arm-none-eabi/lib/thumb/v7-m/nofp/crt0.o (exit)
C:/ST/STM32CubeIDE_1.12.0/STM32CubeIDE/plugins/com.st.stm32cube.ide.mcu.externaltools.gnu-tools-for-stm32.11.3.rel1.win32_1.1.0.202305231506/tools/bin/../lib/gcc/arm-none-eabi/11.3.1/../../../../arm-none-eabi/lib/thumb/v7-m/nofp\libc_nano.a(libc_a-findfp.o)
                              C:/ST/STM32CubeIDE_1.12.0/STM32CubeIDE/plugins/com.st.stm32cube.ide.mcu.externaltools.gnu-tools-for-stm32.11.3.rel1.win32_1.1.0.202305231506/tools/bin/../lib/gcc/arm-none-eabi/11.3.1/../../../../arm-none-eabi/lib/thumb/v7-m/nofp\libc_nano.a(libc_a-exit.o) (__stdio_exit_handler)
C:/ST/STM32CubeIDE_1.12.0/STM32CubeIDE/plugins/com.st.stm32cube.ide.mcu.externaltools.gnu-tools-for-stm32.11.3.rel1.win32_1.1.0.202305231506/tools/bin/../lib/gcc/arm-none-eabi/11.3.1/../../../../arm-none-eabi/lib/thumb/v7-m/nofp\libc_nano.a(libc_a-fwalk.o)
                              C:/ST/STM32CubeIDE_1.12.0/STM32CubeIDE/plugins/com.st.stm32cube.ide.mcu.externaltools.gnu-tools-for-stm32.11.3.rel1.win32_1.1.0.202305231506/tools/bin/../lib/gcc/arm-none-eabi/11.3.1/../../../../arm-none-eabi/lib/thumb/v7-m/nofp\libc_nano.a(libc_a-findfp.o) (_fwalk_sglue)
C:/ST/STM32CubeIDE_1.12.0/STM32CubeIDE/plugins/com.st.stm32cube.ide.mcu.externaltools.gnu-tools-for-stm32.11.3.rel1.win32_1.1.0.202305231506/tools/bin/../lib/gcc/arm-none-eabi/11.3.1/../../../../arm-none-eabi/lib/thumb/v7-m/nofp\libc_nano.a(libc_a-stdio.o)
                              C:/ST/STM32CubeIDE_1.12.0/STM32CubeIDE/plugins/com.st.stm32cube.ide.mcu.externaltools.gnu-tools-for-stm32.11.3.rel1.win32_1.1.0.202305231506/tools/bin/../lib/gcc/arm-none-eabi/11.3.1/../../../../arm-none-eabi/lib/thumb/v7-m/nofp\libc_nano.a(libc_a-findfp.o) (__sread)
C:/ST/STM32CubeIDE_1.12.0/STM32CubeIDE/plugins/com.st.stm32cube.ide.mcu.externaltools.gnu-tools-for-stm32.11.3.rel1.win32_1.1.0.202305231506/tools/bin/../lib/gcc/arm-none-eabi/11.3.1/../../../../arm-none-eabi/lib/thumb/v7-m/nofp\libc_nano.a(libc_a-memset.o)
                              C:/ST/STM32CubeIDE_1.12.0/STM32CubeIDE/plugins/com.st.stm32cube.ide.mcu.externaltools.gnu-tools-for-stm32.11.3.rel1.win32_1.1.0.202305231506/tools/bin/../lib/gcc/arm-none-eabi/11.3.1/../../../../arm-none-eabi/lib/thumb/v7-m/nofp/crt0.o (memset)
C:/ST/STM32CubeIDE_1.12.0/STM32CubeIDE/plugins/com.st.stm32cube.ide.mcu.externaltools.gnu-tools-for-stm32.11.3.rel1.win32_1.1.0.202305231506/tools/bin/../lib/gcc/arm-none-eabi/11.3.1/../../../../arm-none-eabi/lib/thumb/v7-m/nofp\libc_nano.a(libc_a-closer.o)
                              C:/ST/STM32CubeIDE_1.12.0/STM32CubeIDE/plugins/com.st.stm32cube.ide.mcu.externaltools.gnu-tools-for-stm32.11.3.rel1.win32_1.1.0.202305231506/tools/bin/../lib/gcc/arm-none-eabi/11.3.1/../../../../arm-none-eabi/lib/thumb/v7-m/nofp\libc_nano.a(libc_a-stdio.o) (_close_r)
C:/ST/STM32CubeIDE_1.12.0/STM32CubeIDE/plugins/com.st.stm32cube.ide.mcu.externaltools.gnu-tools-for-stm32.11.3.rel1.win32_1.1.0.202305231506/tools/bin/../lib/gcc/arm-none-eabi/11.3.1/../../../../arm-none-eabi/lib/thumb/v7-m/nofp\libc_nano.a(libc_a-reent.o)
                              C:/ST/STM32CubeIDE_1.12.0/STM32CubeIDE/plugins/com.st.stm32cube.ide.mcu.externaltools.gnu-tools-for-stm32.11.3.rel1.win32_1.1.0.202305231506/tools/bin/../lib/gcc/arm-none-eabi/11.3.1/../../../../arm-none-eabi/lib/thumb/v7-m/nofp\libc_nano.a(libc_a-closer.o) (errno)
C:/ST/STM32CubeIDE_1.12.0/STM32CubeIDE/plugins/com.st.stm32cube.ide.mcu.externaltools.gnu-tools-for-stm32.11.3.rel1.win32_1.1.0.202305231506/tools/bin/../lib/gcc/arm-none-eabi/11.3.1/../../../../arm-none-eabi/lib/thumb/v7-m/nofp\libc_nano.a(libc_a-impure.o)
                              C:/ST/STM32CubeIDE_1.12.0/STM32CubeIDE/plugins/com.st.stm32cube.ide.mcu.externaltools.gnu-tools-for-stm32.11.3.rel1.win32_1.1.0.202305231506/tools/bin/../lib/gcc/arm-none-eabi/11.3.1/../../../../arm-none-eabi/lib/thumb/v7-m/nofp\libc_nano.a(libc_a-reent.o) (_impure_ptr)
C:/ST/STM32CubeIDE_1.12.0/STM32CubeIDE/plugins/com.st.stm32cube.ide.mcu.externaltools.gnu-tools-for-stm32.11.3.rel1.win32_1.1.0.202305231506/tools/bin/../lib/gcc/arm-none-eabi/11.3.1/../../../../arm-none-eabi/lib/thumb/v7-m/nofp\libc_nano.a(libc_a-lseekr.o)
[...]
Memory Configuration

Name             Origin             Length             Attributes
RAM              0x0000000020000000 0x0000000000005000 xrw
FLASH            0x0000000008000000 0x0000000000010000 xr
*default*        0x0000000000000000 0xffffffffffffffff

Linker script and memory map

LOAD C:/ST/STM32CubeIDE_1.12.0/STM32CubeIDE/plugins/com.st.stm32cube.ide.mcu.externaltools.gnu-tools-for-stm32.11.3.rel1.win32_1.1.0.202305231506/tools/bin/../lib/gcc/arm-none-eabi/11.3.1/thumb/v7-m/nofp/crti.o
LOAD C:/ST/STM32CubeIDE_1.12.0/STM32CubeIDE/plugins/com.st.stm32cube.ide.mcu.externaltools.gnu-tools-for-stm32.11.3.rel1.win32_1.1.0.202305231506/tools/bin/../lib/gcc/arm-none-eabi/11.3.1/thumb/v7-m/nofp/crtbegin.o
LOAD C:/ST/STM32CubeIDE_1.12.0/STM32CubeIDE/plugins/com.st.stm32cube.ide.mcu.externaltools.gnu-tools-for-stm32.11.3.rel1.win32_1.1.0.202305231506/tools/bin/../lib/gcc/arm-none-eabi/11.3.1/../../../../arm-none-eabi/lib/thumb/v7-m/nofp/crt0.o
LOAD ./Core/Src/BZR_prog.o
LOAD ./Core/Src/CLCD_prog.o
LOAD ./Core/Src/LED_prog.o
LOAD ./Core/Src/StringLib.o
LOAD ./Core/Src/main.o
LOAD ./Core/Src/stm32f1xx_hal_msp.o
LOAD ./Core/Src/stm32f1xx_it.o
LOAD ./Core/Src/syscalls.o
LOAD ./Core/Src/sysmem.o
LOAD ./Core/Src/system_stm32f1xx.o
LOAD ./Core/Startup/startup_stm32f103c8tx.o
LOAD ./Drivers/STM32F1xx_HAL_Driver/Src/stm32f1xx_hal.o
LOAD ./Drivers/STM32F1xx_HAL_Driver/Src/stm32f1xx_hal_cortex.o
LOAD ./Drivers/STM32F1xx_HAL_Driver/Src/stm32f1xx_hal_dma.o
LOAD ./Drivers/STM32F1xx_HAL_Driver/Src/stm32f1xx_hal_exti.o
LOAD ./Drivers/STM32F1xx_HAL_Driver/Src/stm32f1xx_hal_flash.o
LOAD ./Drivers/STM32F1xx_HAL_Driver/Src/stm32f1xx_hal_flash_ex.o
LOAD ./Drivers/STM32F1xx_HAL_Driver/Src/stm32f1xx_hal_gpio.o
LOAD ./Drivers/STM32F1xx_HAL_Driver/Src/stm32f1xx_hal_gpio_ex.o
LOAD ./Drivers/STM32F1xx_HAL_Driver/Src/stm32f1xx_hal_pwr.o
LOAD ./Drivers/STM32F1xx_HAL_Driver/Src/stm32f1xx_hal_rcc.o
LOAD ./Drivers/STM32F1xx_HAL_Driver/Src/stm32f1xx_hal_rcc_ex.o
LOAD ./Drivers/STM32F1xx_HAL_Driver/Src/stm32f1xx_hal_spi.o
START GROUP
LOAD C:/ST/STM32CubeIDE_1.12.0/STM32CubeIDE/plugins/com.st.stm32cube.ide.mcu.externaltools.gnu-tools-for-stm32.11.3.rel1.win32_1.1.0.202305231506/tools/bin/../lib/gcc/arm-none-eabi/11.3.1/../../../../arm-none-eabi/lib/thumb/v7-m/nofp\libc_nano.a
LOAD C:/ST/STM32CubeIDE_1.12.0/STM32CubeIDE/plugins/com.st.stm32cube.ide.mcu.externaltools.gnu-tools-for-stm32.11.3.rel1.win32_1.1.0.202305231506/tools/bin/../lib/gcc/arm-none-eabi/11.3.1/../../../../arm-none-eabi/lib/thumb/v7-m/nofp\libm.a
END GROUP
START GROUP
LOAD C:/ST/STM32CubeIDE_1.12.0/STM32CubeIDE/plugins/com.st.stm32cube.ide.mcu.externaltools.gnu-tools-for-stm32.11.3.rel1.win32_1.1.0.202305231506/tools/bin/../lib/gcc/arm-none-eabi/11.3.1/thumb/v7-m/nofp\libgcc.a
LOAD C:/ST/STM32CubeIDE_1.12.0/STM32CubeIDE/plugins/com.st.stm32cube.ide.mcu.externaltools.gnu-tools-for-stm32.11.3.rel1.win32_1.1.0.202305231506/tools/bin/../lib/gcc/arm-none-eabi/11.3.1/../../../../arm-none-eabi/lib/thumb/v7-m/nofp\libc_nano.a
END GROUP
START GROUP
LOAD C:/ST/STM32CubeIDE_1.12.0/STM32CubeIDE/plugins/com.st.stm32cube.ide.mcu.externaltools.gnu-tools-for-stm32.11.3.rel1.win32_1.1.0.202305231506/tools/bin/../lib/gcc/arm-none-eabi/11.3.1/thumb/v7-m/nofp\libgcc.a
LOAD C:/ST/STM32CubeIDE_1.12.0/STM32CubeIDE/plugins/com.st.stm32cube.ide.mcu.externaltools.gnu-tools-for-stm32.11.3.rel1.win32_1.1.0.202305231506/tools/bin/../lib/gcc/arm-none-eabi/11.3.1/../../../../arm-none-eabi/lib/thumb/v7-m/nofp\libc_nano.a
LOAD C:/ST/STM32CubeIDE_1.12.0/STM32CubeIDE/plugins/com.st.stm32cube.ide.mcu.externaltools.gnu-tools-for-stm32.11.3.rel1.win32_1.1.0.202305231506/tools/bin/../lib/gcc/arm-none-eabi/11.3.1/../../../../arm-none-eabi/lib/thumb/v7-m/nofp\libnosys.a
END GROUP
START GROUP
LOAD C:/ST/STM32CubeIDE_1.12.0/STM32CubeIDE/plugins/com.st.stm32cube.ide.mcu.externaltools.gnu-tools-for-stm32.11.3.rel1.win32_1.1.0.202305231506/tools/bin/../lib/gcc/arm-none-eabi/11.3.1/thumb/v7-m/nofp\libgcc.a
LOAD C:/ST/STM32CubeIDE_1.12.0/STM32CubeIDE/plugins/com.st.stm32cube.ide.mcu.externaltools.gnu-tools-for-stm32.11.3.rel1.win32_1.1.0.202305231506/tools/bin/../lib/gcc/arm-none-eabi/11.3.1/../../../../arm-none-eabi/lib/thumb/v7-m/nofp\libc_nano.a
LOAD C:/ST/STM32CubeIDE_1.12.0/STM32CubeIDE/plugins/com.st.stm32cube.ide.mcu.externaltools.gnu-tools-for-stm32.11.3.rel1.win32_1.1.0.202305231506/tools/bin/../lib/gcc/arm-none-eabi/11.3.1/../../../../arm-none-eabi/lib/thumb/v7-m/nofp\libnosys.a
END GROUP
LOAD C:/ST/STM32CubeIDE_1.12.0/STM32CubeIDE/plugins/com.st.stm32cube.ide.mcu.externaltools.gnu-tools-for-stm32.11.3.rel1.win32_1.1.0.202305231506/tools/bin/../lib/gcc/arm-none-eabi/11.3.1/thumb/v7-m/nofp/crtend.o
LOAD C:/ST/STM32CubeIDE_1.12.0/STM32CubeIDE/plugins/com.st.stm32cube.ide.mcu.externaltools.gnu-tools-for-stm32.11.3.rel1.win32_1.1.0.202305231506/tools/bin/../lib/gcc/arm-none-eabi/11.3.1/thumb/v7-m/nofp/crtn.o
                0x0000000020005000                _estack = (ORIGIN (RAM) + LENGTH (RAM))
                0x0000000000000200                _Min_Heap_Size = 0x200
                0x0000000000000400                _Min_Stack_Size = 0x400

.isr_vector     0x0000000008000000      0x10c
                0x0000000008000000                . = ALIGN (0x4)
 *(.isr_vector)
 .isr_vector    0x0000000008000000      0x10c ./Core/Startup/startup_stm32f103c8tx.o
                0x0000000008000000                g_pfnVectors
                0x000000000800010c                . = ALIGN (0x4)

.text           0x000000000800010c     0x25e0
                0x000000000800010c                . = ALIGN (0x4)
 *(.text)
 .text          0x000000000800010c       0x40 C:/ST/STM32CubeIDE_1.12.0/STM32CubeIDE/plugins/com.st.stm32cube.ide.mcu.externaltools.gnu-tools-for-stm32.11.3.rel1.win32_1.1.0.202305231506/tools/bin/../lib/gcc/arm-none-eabi/11.3.1/thumb/v7-m/nofp/crtbegin.o
 *(.text*)
 .text.IsBzrConfigValid
                0x000000000800014c       0x50 ./Core/Src/BZR_prog.o
 .text.BZR_u8Beep
                0x000000000800019c       0x86 ./Core/Src/BZR_prog.o
                0x000000000800019c                BZR_u8Beep
 .text.CLCD_voidSendCommand
                0x0000000008000222      0x146 ./Core/Src/CLCD_prog.o
                0x0000000008000222                CLCD_voidSendCommand
 .text.CLCD_voidSendData
                0x0000000008000368      0x146 ./Core/Src/CLCD_prog.o
                0x0000000008000368                CLCD_voidSendData
 .text.CLCD_voidInit
                0x00000000080004ae       0x50 ./Core/Src/CLCD_prog.o
                0x00000000080004ae                CLCD_voidInit
 .text.CLCD_voidSendString
                0x00000000080004fe       0x2e ./Core/Src/CLCD_prog.o
                0x00000000080004fe                CLCD_voidSendString
 .text.CLCD_voidGoToXY
                0x000000000800052c       0x3e ./Core/Src/CLCD_prog.o
                0x000000000800052c                CLCD_voidGoToXY
 .text.CLCD_voidClearDisplay
                0x000000000800056a       0x18 ./Core/Src/CLCD_prog.o
                0x000000000800056a                CLCD_voidClearDisplay
 *fill*         0x0000000008000582        0x2 
 .text.LED_u8TurnOn
                0x0000000008000584       0x94 ./Core/Src/LED_prog.o
                0x0000000008000584                LED_u8TurnOn
 .text.LED_u8TurnOff
                0x0000000008000618       0x94 ./Core/Src/LED_prog.o
                0x0000000008000618                LED_u8TurnOff
 .text.StringLength
                0x00000000080006ac       0x2e ./Core/Src/StringLib.o
                0x00000000080006ac                StringLength
 *fill*         0x00000000080006da        0x2 
 .text.main     0x00000000080006dc       0xa8 ./Core/Src/main.o
                0x00000000080006dc                main
 .text.SystemClock_Config
                0x0000000008000784       0x76 ./Core/Src/main.o
                0x0000000008000784                SystemClock_Config
 *fill*         0x00000000080007fa        0x2 
 .text.MX_SPI1_Init
                0x00000000080007fc       0x64 ./Core/Src/main.o
 .text.MX_GPIO_Init
                0x0000000008000860      0x138 ./Core/Src/main.o
 .text.DisplayTimeDate
                0x0000000008000998       0xb4 ./Core/Src/main.o
 .text.HAL_GPIO_EXTI_Callback
                0x0000000008000a4c       0x38 ./Core/Src/main.o
                0x0000000008000a4c                HAL_GPIO_EXTI_Callback
 .text.ClearArray
                0x0000000008000a84       0x36 ./Core/Src/main.o
                0x0000000008000a84                ClearArray
 *fill*         0x0000000008000aba        0x2 
 .text.SPIReceive
                0x0000000008000abc       0x44 ./Core/Src/main.o
 .text.Error_Handler
                0x0000000008000b00        0xa ./Core/Src/main.o
                0x0000000008000b00                Error_Handler
 *fill*         0x0000000008000b0a        0x2 
 .text.HAL_MspInit
                0x0000000008000b0c       0x44 ./Core/Src/stm32f1xx_hal_msp.o
                0x0000000008000b0c                HAL_MspInit
 .text.HAL_SPI_MspInit
                0x0000000008000b50       0xa4 ./Core/Src/stm32f1xx_hal_msp.o
                0x0000000008000b50                HAL_SPI_MspInit
 .text.NMI_Handler
                0x0000000008000bf4        0x6 ./Core/Src/stm32f1xx_it.o
                0x0000000008000bf4                NMI_Handler
 .text.HardFault_Handler
                0x0000000008000bfa        0x6 ./Core/Src/stm32f1xx_it.o
                0x0000000008000bfa                HardFault_Handler
 .text.MemManage_Handler
                0x0000000008000c00        0x6 ./Core/Src/stm32f1xx_it.o
                0x0000000008000c00                MemManage_Handler
 .text.BusFault_Handler
                0x0000000008000c06        0x6 ./Core/Src/stm32f1xx_it.o
                0x0000000008000c06                BusFault_Handler
 .text.UsageFault_Handler
                0x0000000008000c0c        0x6 ./Core/Src/stm32f1xx_it.o
                0x0000000008000c0c                UsageFault_Handler
 .text.SVC_Handler
                0x0000000008000c12        0xc ./Core/Src/stm32f1xx_it.o
                0x0000000008000c12                SVC_Handler
 .text.DebugMon_Handler
                0x0000000008000c1e        0xc ./Core/Src/stm32f1xx_it.o
                0x0000000008000c1e                DebugMon_Handler
 .text.PendSV_Handler
                0x0000000008000c2a        0xc ./Core/Src/stm32f1xx_it.o
                0x0000000008000c2a                PendSV_Handler
 .text.SysTick_Handler
                0x0000000008000c36        0xc ./Core/Src/stm32f1xx_it.o
                0x0000000008000c36                SysTick_Handler
 *fill*         0x0000000008000c42        0x2 
 .text.SPI1_IRQHandler
                0x0000000008000c44       0x14 ./Core/Src/stm32f1xx_it.o
                0x0000000008000c44                SPI1_IRQHandler
 .text.EXTI15_10_IRQHandler
                0x0000000008000c58       0x10 ./Core/Src/stm32f1xx_it.o
                0x0000000008000c58                EXTI15_10_IRQHandler
 .text.SystemInit
                0x0000000008000c68        0xc ./Core/Src/system_stm32f1xx.o
                0x0000000008000c68                SystemInit
 .text.Reset_Handler
                0x0000000008000c74       0x48 ./Core/Startup/startup_stm32f103c8tx.o
                0x0000000008000c74                Reset_Handler
 .text.Default_Handler
                0x0000000008000cbc        0x2 ./Core/Startup/startup_stm32f103c8tx.o
                0x0000000008000cbc                RTC_Alarm_IRQHandler
                0x0000000008000cbc                EXTI2_IRQHandler
                0x0000000008000cbc                TIM1_CC_IRQHandler
                0x0000000008000cbc                PVD_IRQHandler
                0x0000000008000cbc                EXTI3_IRQHandler
                0x0000000008000cbc                EXTI0_IRQHandler
                0x0000000008000cbc                I2C2_EV_IRQHandler
                0x0000000008000cbc                ADC1_2_IRQHandler
                0x0000000008000cbc                TAMPER_IRQHandler
                0x0000000008000cbc                DMA1_Channel4_IRQHandler
                0x0000000008000cbc                USART3_IRQHandler
                0x0000000008000cbc                RTC_IRQHandler
                0x0000000008000cbc                DMA1_Channel7_IRQHandler
                0x0000000008000cbc                CAN1_RX1_IRQHandler
                0x0000000008000cbc                TIM4_IRQHandler
                0x0000000008000cbc                I2C1_EV_IRQHandler
                0x0000000008000cbc                DMA1_Channel6_IRQHandler
                0x0000000008000cbc                TIM3_IRQHandler
                0x0000000008000cbc                RCC_IRQHandler
                0x0000000008000cbc                TIM1_TRG_COM_IRQHandler
                0x0000000008000cbc                DMA1_Channel1_IRQHandler
                0x0000000008000cbc                Default_Handler
                0x0000000008000cbc                EXTI9_5_IRQHandler
                0x0000000008000cbc                SPI2_IRQHandler
                0x0000000008000cbc                DMA1_Channel5_IRQHandler
                0x0000000008000cbc                EXTI4_IRQHandler
                0x0000000008000cbc                USB_LP_CAN1_RX0_IRQHandler
                0x0000000008000cbc                USB_HP_CAN1_TX_IRQHandler
                0x0000000008000cbc                DMA1_Channel3_IRQHandler
                0x0000000008000cbc                TIM1_UP_IRQHandler
                0x0000000008000cbc                WWDG_IRQHandler
                0x0000000008000cbc                TIM2_IRQHandler
                0x0000000008000cbc                TIM1_BRK_IRQHandler
                0x0000000008000cbc                EXTI1_IRQHandler
                0x0000000008000cbc                USART2_IRQHandler
                0x0000000008000cbc                I2C2_ER_IRQHandler
                0x0000000008000cbc                DMA1_Channel2_IRQHandler
                0x0000000008000cbc                CAN1_SCE_IRQHandler
                0x0000000008000cbc                FLASH_IRQHandler
                0x0000000008000cbc                USART1_IRQHandler
                0x0000000008000cbc                I2C1_ER_IRQHandler
                0x0000000008000cbc                USBWakeUp_IRQHandler
 *fill*         0x0000000008000cbe        0x2 
 .text.HAL_Init
                0x0000000008000cc0       0x2c ./Drivers/STM32F1xx_HAL_Driver/Src/stm32f1xx_hal.o
                0x0000000008000cc0                HAL_Init
 .text.HAL_InitTick
                0x0000000008000cec       0x60 ./Drivers/STM32F1xx_HAL_Driver/Src/stm32f1xx_hal.o
                0x0000000008000cec                HAL_InitTick
 .text.HAL_IncTick
                0x0000000008000d4c       0x24 ./Drivers/STM32F1xx_HAL_Driver/Src/stm32f1xx_hal.o
                0x0000000008000d4c                HAL_IncTick
 .text.HAL_GetTick
                0x0000000008000d70       0x14 ./Drivers/STM32F1xx_HAL_Driver/Src/stm32f1xx_hal.o
                0x0000000008000d70                HAL_GetTick
 .text.HAL_Delay
                0x0000000008000d84       0x48 ./Drivers/STM32F1xx_HAL_Driver/Src/stm32f1xx_hal.o
                0x0000000008000d84                HAL_Delay
 .text.__NVIC_SetPriorityGrouping
                0x0000000008000dcc       0x48 ./Drivers/STM32F1xx_HAL_Driver/Src/stm32f1xx_hal_cortex.o
 .text.__NVIC_GetPriorityGrouping
                0x0000000008000e14       0x1c ./Drivers/STM32F1xx_HAL_Driver/Src/stm32f1xx_hal_cortex.o
 .text.__NVIC_EnableIRQ
                0x0000000008000e30       0x38 ./Drivers/STM32F1xx_HAL_Driver/Src/stm32f1xx_hal_cortex.o
 .text.__NVIC_SetPriority
                0x0000000008000e68       0x54 ./Drivers/STM32F1xx_HAL_Driver/Src/stm32f1xx_hal_cortex.o
 .text.NVIC_EncodePriority
                0x0000000008000ebc       0x64 ./Drivers/STM32F1xx_HAL_Driver/Src/stm32f1xx_hal_cortex.o
 .text.SysTick_Config
                0x0000000008000f20       0x44 ./Drivers/STM32F1xx_HAL_Driver/Src/stm32f1xx_hal_cortex.o
 .text.HAL_NVIC_SetPriorityGrouping
                0x0000000008000f64       0x16 ./Drivers/STM32F1xx_HAL_Driver/Src/stm32f1xx_hal_cortex.o
                0x0000000008000f64                HAL_NVIC_SetPriorityGrouping
 .text.HAL_NVIC_SetPriority
                0x0000000008000f7a       0x38 ./Drivers/STM32F1xx_HAL_Driver/Src/stm32f1xx_hal_cortex.o
                0x0000000008000f7a                HAL_NVIC_SetPriority
 .text.HAL_NVIC_EnableIRQ
                0x0000000008000fb2       0x1c ./Drivers/STM32F1xx_HAL_Driver/Src/stm32f1xx_hal_cortex.o
                0x0000000008000fb2                HAL_NVIC_EnableIRQ
 .text.HAL_SYSTICK_Config
                0x0000000008000fce       0x18 ./Drivers/STM32F1xx_HAL_Driver/Src/stm32f1xx_hal_cortex.o
                0x0000000008000fce                HAL_SYSTICK_Config
 *fill*         0x0000000008000fe6        0x2 
 .text.HAL_DMA_Abort_IT
                0x0000000008000fe8       0xf0 ./Drivers/STM32F1xx_HAL_Driver/Src/stm32f1xx_hal_dma.o
                0x0000000008000fe8                HAL_DMA_Abort_IT
 .text.HAL_GPIO_Init
                0x00000000080010d8      0x308 ./Drivers/STM32F1xx_HAL_Driver/Src/stm32f1xx_hal_gpio.o
                0x00000000080010d8                HAL_GPIO_Init
 .text.HAL_GPIO_WritePin
                0x00000000080013e0       0x30 ./Drivers/STM32F1xx_HAL_Driver/Src/stm32f1xx_hal_gpio.o
                0x00000000080013e0                HAL_GPIO_WritePin
 .text.HAL_GPIO_EXTI_IRQHandler
                0x0000000008001410       0x30 ./Drivers/STM32F1xx_HAL_Driver/Src/stm32f1xx_hal_gpio.o
                0x0000000008001410                HAL_GPIO_EXTI_IRQHandler
 .text.HAL_RCC_OscConfig
                0x0000000008001440      0x504 ./Drivers/STM32F1xx_HAL_Driver/Src/stm32f1xx_hal_rcc.o
                0x0000000008001440                HAL_RCC_OscConfig
 .text.HAL_RCC_ClockConfig
                0x0000000008001944      0x1d4 ./Drivers/STM32F1xx_HAL_Driver/Src/stm32f1xx_hal_rcc.o
                0x0000000008001944                HAL_RCC_ClockConfig
 .text.HAL_RCC_GetSysClockFreq
                0x0000000008001b18       0xa8 ./Drivers/STM32F1xx_HAL_Driver/Src/stm32f1xx_hal_rcc.o
                0x0000000008001b18                HAL_RCC_GetSysClockFreq
 .text.RCC_Delay
                0x0000000008001bc0       0x3c ./Drivers/STM32F1xx_HAL_Driver/Src/stm32f1xx_hal_rcc.o
 .text.HAL_SPI_Init
                0x0000000008001bfc      0x108 ./Drivers/STM32F1xx_HAL_Driver/Src/stm32f1xx_hal_spi.o
                0x0000000008001bfc                HAL_SPI_Init
 .text.HAL_SPI_Receive
                0x0000000008001d04      0x230 ./Drivers/STM32F1xx_HAL_Driver/Src/stm32f1xx_hal_spi.o
                0x0000000008001d04                HAL_SPI_Receive
 .text.HAL_SPI_TransmitReceive
                0x0000000008001f34      0x360 ./Drivers/STM32F1xx_HAL_Driver/Src/stm32f1xx_hal_spi.o
                0x0000000008001f34                HAL_SPI_TransmitReceive
 .text.HAL_SPI_IRQHandler
                0x0000000008002294      0x1bc ./Drivers/STM32F1xx_HAL_Driver/Src/stm32f1xx_hal_spi.o
                0x0000000008002294                HAL_SPI_IRQHandler
 .text.HAL_SPI_ErrorCallback
                0x0000000008002450       0x12 ./Drivers/STM32F1xx_HAL_Driver/Src/stm32f1xx_hal_spi.o
                0x0000000008002450                HAL_SPI_ErrorCallback
 .text.SPI_DMAAbortOnError
                0x0000000008002462       0x28 ./Drivers/STM32F1xx_HAL_Driver/Src/stm32f1xx_hal_spi.o
 *fill*         0x000000000800248a        0x2 
 .text.SPI_WaitFlagStateUntilTimeout
                0x000000000800248c      0x110 ./Drivers/STM32F1xx_HAL_Driver/Src/stm32f1xx_hal_spi.o
 .text.SPI_EndRxTransaction
                0x000000000800259c       0xa4 ./Drivers/STM32F1xx_HAL_Driver/Src/stm32f1xx_hal_spi.o
 .text.SPI_EndRxTxTransaction
                0x0000000008002640       0x3c ./Drivers/STM32F1xx_HAL_Driver/Src/stm32f1xx_hal_spi.o
 .text.memset   0x000000000800267c       0x10 C:/ST/STM32CubeIDE_1.12.0/STM32CubeIDE/plugins/com.st.stm32cube.ide.mcu.externaltools.gnu-tools-for-stm32.11.3.rel1.win32_1.1.0.202305231506/tools/bin/../lib/gcc/arm-none-eabi/11.3.1/../../../../arm-none-eabi/lib/thumb/v7-m/nofp\libc_nano.a(libc_a-memset.o)
                0x000000000800267c                memset
 .text.__libc_init_array
                0x000000000800268c       0x48 C:/ST/STM32CubeIDE_1.12.0/STM32CubeIDE/plugins/com.st.stm32cube.ide.mcu.externaltools.gnu-tools-for-stm32.11.3.rel1.win32_1.1.0.202305231506/tools/bin/../lib/gcc/arm-none-eabi/11.3.1/../../../../arm-none-eabi/lib/thumb/v7-m/nofp\libc_nano.a(libc_a-init.o)
                0x000000000800268c                __libc_init_array
 *(.glue_7)
 .glue_7        0x00000000080026d4        0x0 linker stubs
 *(.glue_7t)
 .glue_7t       0x00000000080026d4        0x0 linker stubs
 *(.eh_frame)
 .eh_frame      0x00000000080026d4        0x0 C:/ST/STM32CubeIDE_1.12.0/STM32CubeIDE/plugins/com.st.stm32cube.ide.mcu.externaltools.gnu-tools-for-stm32.11.3.rel1.win32_1.1.0.202305231506/tools/bin/../lib/gcc/arm-none-eabi/11.3.1/thumb/v7-m/nofp/crtbegin.o
 *(.init)
 .init          0x00000000080026d4        0x4 C:/ST/STM32CubeIDE_1.12.0/STM32CubeIDE/plugins/com.st.stm32cube.ide.mcu.externaltools.gnu-tools-for-stm32.11.3.rel1.win32_1.1.0.202305231506/tools/bin/../lib/gcc/arm-none-eabi/11.3.1/thumb/v7-m/nofp/crti.o
                0x00000000080026d4                _init
 .init          0x00000000080026d8        0x8 C:/ST/STM32CubeIDE_1.12.0/STM32CubeIDE/plugins/com.st.stm32cube.ide.mcu.externaltools.gnu-tools-for-stm32.11.3.rel1.win32_1.1.0.202305231506/tools/bin/../lib/gcc/arm-none-eabi/11.3.1/thumb/v7-m/nofp/crtn.o
 *(.fini)
 .fini          0x00000000080026e0        0x4 C:/ST/STM32CubeIDE_1.12.0/STM32CubeIDE/plugins/com.st.stm32cube.ide.mcu.externaltools.gnu-tools-for-stm32.11.3.rel1.win32_1.1.0.202305231506/tools/bin/../lib/gcc/arm-none-eabi/11.3.1/thumb/v7-m/nofp/crti.o
                0x00000000080026e0                _fini
 .fini          0x00000000080026e4        0x8 C:/ST/STM32CubeIDE_1.12.0/STM32CubeIDE/plugins/com.st.stm32cube.ide.mcu.externaltools.gnu-tools-for-stm32.11.3.rel1.win32_1.1.0.202305231506/tools/bin/../lib/gcc/arm-none-eabi/11.3.1/thumb/v7-m/nofp/crtn.o
                0x00000000080026ec                . = ALIGN (0x4)
                0x00000000080026ec                _etext = .

.vfp11_veneer   0x00000000080026ec        0x0
 .vfp11_veneer  0x00000000080026ec        0x0 linker stubs

.v4_bx          0x00000000080026ec        0x0
 .v4_bx         0x00000000080026ec        0x0 linker stubs

.iplt           0x00000000080026ec        0x0
 .iplt          0x00000000080026ec        0x0 C:/ST/STM32CubeIDE_1.12.0/STM32CubeIDE/plugins/com.st.stm32cube.ide.mcu.externaltools.gnu-tools-for-stm32.11.3.rel1.win32_1.1.0.202305231506/tools/bin/../lib/gcc/arm-none-eabi/11.3.1/thumb/v7-m/nofp/crtbegin.o

.rodata         0x00000000080026ec       0x30
                0x00000000080026ec                . = ALIGN (0x4)
 *(.rodata)
 .rodata        0x00000000080026ec        0xb ./Core/Src/main.o
 *(.rodata*)
 *fill*         0x00000000080026f7        0x1 
 .rodata.AHBPrescTable
                0x00000000080026f8       0x10 ./Core/Src/system_stm32f1xx.o
                0x00000000080026f8                AHBPrescTable
 .rodata.aPLLMULFactorTable.1
                0x0000000008002708       0x10 ./Drivers/STM32F1xx_HAL_Driver/Src/stm32f1xx_hal_rcc.o
 .rodata.aPredivFactorTable.0
                0x0000000008002718        0x2 ./Drivers/STM32F1xx_HAL_Driver/Src/stm32f1xx_hal_rcc.o
                0x000000000800271c                . = ALIGN (0x4)
 *fill*         0x000000000800271a        0x2 

.rel.dyn        0x000000000800271c        0x0
 .rel.iplt      0x000000000800271c        0x0 C:/ST/STM32CubeIDE_1.12.0/STM32CubeIDE/plugins/com.st.stm32cube.ide.mcu.externaltools.gnu-tools-for-stm32.11.3.rel1.win32_1.1.0.202305231506/tools/bin/../lib/gcc/arm-none-eabi/11.3.1/thumb/v7-m/nofp/crtbegin.o

.ARM.extab      0x000000000800271c        0x0
                0x000000000800271c                . = ALIGN (0x4)
 *(.ARM.extab* .gnu.linkonce.armextab.*)
                0x000000000800271c                . = ALIGN (0x4)

.ARM            0x000000000800271c        0x0
                0x000000000800271c                . = ALIGN (0x4)
                0x000000000800271c                __exidx_start = .
 *(.ARM.exidx*)
                0x000000000800271c                __exidx_end = .
                0x000000000800271c                . = ALIGN (0x4)

.preinit_array  0x000000000800271c        0x0
                0x000000000800271c                . = ALIGN (0x4)
                0x000000000800271c                PROVIDE (__preinit_array_start = .)
 *(.preinit_array*)
                0x000000000800271c                PROVIDE (__preinit_array_end = .)
                0x000000000800271c                . = ALIGN (0x4)

.init_array     0x000000000800271c        0x4
                0x000000000800271c                . = ALIGN (0x4)
                0x000000000800271c                PROVIDE (__init_array_start = .)
 *(SORT_BY_NAME(.init_array.*))
 *(.init_array*)
 .init_array    0x000000000800271c        0x4 C:/ST/STM32CubeIDE_1.12.0/STM32CubeIDE/plugins/com.st.stm32cube.ide.mcu.externaltools.gnu-tools-for-stm32.11.3.rel1.win32_1.1.0.202305231506/tools/bin/../lib/gcc/arm-none-eabi/11.3.1/thumb/v7-m/nofp/crtbegin.o
                0x0000000008002720                PROVIDE (__init_array_end = .)
                0x0000000008002720                . = ALIGN (0x4)

.fini_array     0x0000000008002720        0x4
                0x0000000008002720                . = ALIGN (0x4)
                [!provide]                        PROVIDE (__fini_array_start = .)
 *(SORT_BY_NAME(.fini_array.*))
 *(.fini_array*)
 .fini_array    0x0000000008002720        0x4 C:/ST/STM32CubeIDE_1.12.0/STM32CubeIDE/plugins/com.st.stm32cube.ide.mcu.externaltools.gnu-tools-for-stm32.11.3.rel1.win32_1.1.0.202305231506/tools/bin/../lib/gcc/arm-none-eabi/11.3.1/thumb/v7-m/nofp/crtbegin.o
                [!provide]                        PROVIDE (__fini_array_end = .)
                0x0000000008002724                . = ALIGN (0x4)
                0x0000000008002724                _sidata = LOADADDR (.data)

.data           0x0000000020000000       0x64 load address 0x0000000008002724
                0x0000000020000000                . = ALIGN (0x4)
                0x0000000020000000                _sdata = .
 *(.data)
 *(.data*)
 .data.CtrlPortsArray
                0x0000000020000000        0xc ./Core/Src/main.o
                0x0000000020000000                CtrlPortsArray
 .data.CtrlPinsArray
                0x000000002000000c        0x6 ./Core/Src/main.o
                0x000000002000000c                CtrlPinsArray
 *fill*         0x0000000020000012        0x2 
 .data.DataPortsArray
                0x0000000020000014       0x10 ./Core/Src/main.o
                0x0000000020000014                DataPortsArray
 .data.DataPinsArray
                0x0000000020000024        0x8 ./Core/Src/main.o
                0x0000000020000024                DataPinsArray
 .data.CLCDConfig
                0x000000002000002c       0x14 ./Core/Src/main.o
 .data.RedLed   0x0000000020000040        0x8 ./Core/Src/main.o
 .data.GreenLed
                0x0000000020000048        0x8 ./Core/Src/main.o
 .data.BuzConfig
                0x0000000020000050        0x8 ./Core/Src/main.o
 .data.SystemCoreClock
                0x0000000020000058        0x4 ./Core/Src/system_stm32f1xx.o
                0x0000000020000058                SystemCoreClock
 .data.uwTickPrio
                0x000000002000005c        0x4 ./Drivers/STM32F1xx_HAL_Driver/Src/stm32f1xx_hal.o
                0x000000002000005c                uwTickPrio
 .data.uwTickFreq
                0x0000000020000060        0x1 ./Drivers/STM32F1xx_HAL_Driver/Src/stm32f1xx_hal.o
                0x0000000020000060                uwTickFreq
 *(.RamFunc)
 *(.RamFunc*)
                0x0000000020000064                . = ALIGN (0x4)
 *fill*         0x0000000020000061        0x3 
                0x0000000020000064                _edata = .

.igot.plt       0x0000000020000064        0x0 load address 0x0000000008002788
 .igot.plt      0x0000000020000064        0x0 C:/ST/STM32CubeIDE_1.12.0/STM32CubeIDE/plugins/com.st.stm32cube.ide.mcu.externaltools.gnu-tools-for-stm32.11.3.rel1.win32_1.1.0.202305231506/tools/bin/../lib/gcc/arm-none-eabi/11.3.1/thumb/v7-m/nofp/crtbegin.o
                0x0000000020000064                . = ALIGN (0x4)

.bss            0x0000000020000064       0xa0 load address 0x0000000008002788
                0x0000000020000064                _sbss = .
                0x0000000020000064                __bss_start__ = _sbss
 *(.bss)
 .bss           0x0000000020000064       0x1c C:/ST/STM32CubeIDE_1.12.0/STM32CubeIDE/plugins/com.st.stm32cube.ide.mcu.externaltools.gnu-tools-for-stm32.11.3.rel1.win32_1.1.0.202305231506/tools/bin/../lib/gcc/arm-none-eabi/11.3.1/thumb/v7-m/nofp/crtbegin.o
 *(.bss*)
 .bss.hspi1     0x0000000020000080       0x58 ./Core/Src/main.o
                0x0000000020000080                hspi1
 .bss.SPICmdCode
                0x00000000200000d8        0x2 ./Core/Src/main.o
 *fill*         0x00000000200000da        0x2 
 .bss.ReceiveBuffer
                0x00000000200000dc       0x23 ./Core/Src/main.o
 *fill*         0x00000000200000ff        0x1 
 .bss.uwTick    0x0000000020000100        0x4 ./Drivers/STM32F1xx_HAL_Driver/Src/stm32f1xx_hal.o
                0x0000000020000100                uwTick
 *(COMMON)
                0x0000000020000104                . = ALIGN (0x4)
                0x0000000020000104                _ebss = .
                0x0000000020000104                __bss_end__ = _ebss

._user_heap_stack
                0x0000000020000104      0x604 load address 0x0000000008002788
                0x0000000020000108                . = ALIGN (0x8)
 *fill*         0x0000000020000104        0x4 
                [!provide]                        PROVIDE (end = .)
                0x0000000020000108                PROVIDE (_end = .)
                0x0000000020000308                . = (. + _Min_Heap_Size)
 *fill*         0x0000000020000108      0x200 
                0x0000000020000708                . = (. + _Min_Stack_Size)
 *fill*         0x0000000020000308      0x400 
                0x0000000020000708                . = ALIGN (0x8)

/DISCARD/
 libc.a(*)
 libm.a(*)
 libgcc.a(*)

.ARM.attributes
                0x0000000000000000       0x29
 *(.ARM.attributes)
 .ARM.attributes
                0x0000000000000000       0x1d C:/ST/STM32CubeIDE_1.12.0/STM32CubeIDE/plugins/com.st.stm32cube.ide.mcu.externaltools.gnu-tools-for-stm32.11.3.rel1.win32_1.1.0.202305231506/tools/bin/../lib/gcc/arm-none-eabi/11.3.1/thumb/v7-m/nofp/crti.o
 .ARM.attributes
                0x000000000000001d       0x2d C:/ST/STM32CubeIDE_1.12.0/STM32CubeIDE/plugins/com.st.stm32cube.ide.mcu.externaltools.gnu-tools-for-stm32.11.3.rel1.win32_1.1.0.202305231506/tools/bin/../lib/gcc/arm-none-eabi/11.3.1/thumb/v7-m/nofp/crtbegin.o
 .ARM.attributes
                0x000000000000004a       0x2d ./Core/Src/BZR_prog.o
 .ARM.attributes
                0x0000000000000077       0x2d ./Core/Src/CLCD_prog.o
 .ARM.attributes
                0x00000000000000a4       0x2d ./Core/Src/LED_prog.o
 .ARM.attributes
                0x00000000000000d1       0x2d ./Core/Src/StringLib.o
 .ARM.attributes
                0x00000000000000fe       0x2d ./Core/Src/main.o
 .ARM.attributes
                0x000000000000012b       0x2d ./Core/Src/stm32f1xx_hal_msp.o
 .ARM.attributes
                0x0000000000000158       0x2d ./Core/Src/stm32f1xx_it.o
 .ARM.attributes
                0x0000000000000185       0x2d ./Core/Src/system_stm32f1xx.o
 .ARM.attributes
                0x00000000000001b2       0x21 ./Core/Startup/startup_stm32f103c8tx.o
 .ARM.attributes
                0x00000000000001d3       0x2d ./Drivers/STM32F1xx_HAL_Driver/Src/stm32f1xx_hal.o
 .ARM.attributes
                0x0000000000000200       0x2d ./Drivers/STM32F1xx_HAL_Driver/Src/stm32f1xx_hal_cortex.o
 .ARM.attributes
                0x000000000000022d       0x2d ./Drivers/STM32F1xx_HAL_Driver/Src/stm32f1xx_hal_dma.o
 .ARM.attributes
                0x000000000000025a       0x2d ./Drivers/STM32F1xx_HAL_Driver/Src/stm32f1xx_hal_gpio.o
 .ARM.attributes
                0x0000000000000287       0x2d ./Drivers/STM32F1xx_HAL_Driver/Src/stm32f1xx_hal_rcc.o
 .ARM.attributes
                0x00000000000002b4       0x2d ./Drivers/STM32F1xx_HAL_Driver/Src/stm32f1xx_hal_spi.o
 .ARM.attributes
                0x00000000000002e1       0x2d C:/ST/STM32CubeIDE_1.12.0/STM32CubeIDE/plugins/com.st.stm32cube.ide.mcu.externaltools.gnu-tools-for-stm32.11.3.rel1.win32_1.1.0.202305231506/tools/bin/../lib/gcc/arm-none-eabi/11.3.1/../../../../arm-none-eabi/lib/thumb/v7-m/nofp\libc_nano.a(libc_a-memset.o)
 .ARM.attributes
                0x000000000000030e       0x2d C:/ST/STM32CubeIDE_1.12.0/STM32CubeIDE/plugins/com.st.stm32cube.ide.mcu.externaltools.gnu-tools-for-stm32.11.3.rel1.win32_1.1.0.202305231506/tools/bin/../lib/gcc/arm-none-eabi/11.3.1/../../../../arm-none-eabi/lib/thumb/v7-m/nofp\libc_nano.a(libc_a-init.o)
 .ARM.attributes
                0x000000000000033b       0x1d C:/ST/STM32CubeIDE_1.12.0/STM32CubeIDE/plugins/com.st.stm32cube.ide.mcu.externaltools.gnu-tools-for-stm32.11.3.rel1.win32_1.1.0.202305231506/tools/bin/../lib/gcc/arm-none-eabi/11.3.1/thumb/v7-m/nofp/crtn.o
OUTPUT(STLib_MegaProject1_F103.elf elf32-littlearm)
LOAD linker stubs
LOAD C:/ST/STM32CubeIDE_1.12.0/STM32CubeIDE/plugins/com.st.stm32cube.ide.mcu.externaltools.gnu-tools-for-stm32.11.3.rel1.win32_1.1.0.202305231506/tools/bin/../lib/gcc/arm-none-eabi/11.3.1/../../../../arm-none-eabi/lib/thumb/v7-m/nofp\libc.a
LOAD C:/ST/STM32CubeIDE_1.12.0/STM32CubeIDE/plugins/com.st.stm32cube.ide.mcu.externaltools.gnu-tools-for-stm32.11.3.rel1.win32_1.1.0.202305231506/tools/bin/../lib/gcc/arm-none-eabi/11.3.1/../../../../arm-none-eabi/lib/thumb/v7-m/nofp\libm.a
LOAD C:/ST/STM32CubeIDE_1.12.0/STM32CubeIDE/plugins/com.st.stm32cube.ide.mcu.externaltools.gnu-tools-for-stm32.11.3.rel1.win32_1.1.0.202305231506/tools/bin/../lib/gcc/arm-none-eabi/11.3.1/thumb/v7-m/nofp\libgcc.a

.comment        0x0000000000000000       0x43
 .comment       0x0000000000000000       0x43 C:/ST/STM32CubeIDE_1.12.0/STM32CubeIDE/plugins/com.st.stm32cube.ide.mcu.externaltools.gnu-tools-for-stm32.11.3.rel1.win32_1.1.0.202305231506/tools/bin/../lib/gcc/arm-none-eabi/11.3.1/thumb/v7-m/nofp/crtbegin.o
                                         0x44 (size before relaxing)
 .comment       0x0000000000000043       0x44 ./Core/Src/BZR_prog.o
 .comment       0x0000000000000043       0x44 ./Core/Src/CLCD_prog.o
 .comment       0x0000000000000043       0x44 ./Core/Src/LED_prog.o
 .comment       0x0000000000000043       0x44 ./Core/Src/StringLib.o
 .comment       0x0000000000000043       0x44 ./Core/Src/main.o
 .comment       0x0000000000000043       0x44 ./Core/Src/stm32f1xx_hal_msp.o
 .comment       0x0000000000000043       0x44 ./Core/Src/stm32f1xx_it.o
 .comment       0x0000000000000043       0x44 ./Core/Src/system_stm32f1xx.o
 .comment       0x0000000000000043       0x44 ./Drivers/STM32F1xx_HAL_Driver/Src/stm32f1xx_hal.o
 .comment       0x0000000000000043       0x44 ./Drivers/STM32F1xx_HAL_Driver/Src/stm32f1xx_hal_cortex.o
 .comment       0x0000000000000043       0x44 ./Drivers/STM32F1xx_HAL_Driver/Src/stm32f1xx_hal_dma.o
 .comment       0x0000000000000043       0x44 ./Drivers/STM32F1xx_HAL_Driver/Src/stm32f1xx_hal_gpio.o
 .comment       0x0000000000000043       0x44 ./Drivers/STM32F1xx_HAL_Driver/Src/stm32f1xx_hal_rcc.o
 .comment       0x0000000000000043       0x44 ./Drivers/STM32F1xx_HAL_Driver/Src/stm32f1xx_hal_spi.o

.debug_info     0x0000000000000000     0x67e5
 .debug_info    0x0000000000000000      0x30f ./Core/Src/BZR_prog.o
 .debug_info    0x000000000000030f      0x491 ./Core/Src/CLCD_prog.o
 .debug_info    0x00000000000007a0      0x27b ./Core/Src/LED_prog.o
 .debug_info    0x0000000000000a1b      0x189 ./Core/Src/StringLib.o
 .debug_info    0x0000000000000ba4      0xfe2 ./Core/Src/main.o
 .debug_info    0x0000000000001b86      0x90f ./Core/Src/stm32f1xx_hal_msp.o
 .debug_info    0x0000000000002495      0x62b ./Core/Src/stm32f1xx_it.o
 .debug_info    0x0000000000002ac0      0x222 ./Core/Src/system_stm32f1xx.o
 .debug_info    0x0000000000002ce2       0x23 ./Core/Startup/startup_stm32f103c8tx.o
 .debug_info    0x0000000000002d05      0x704 ./Drivers/STM32F1xx_HAL_Driver/Src/stm32f1xx_hal.o
 .debug_info    0x0000000000003409      0xa87 ./Drivers/STM32F1xx_HAL_Driver/Src/stm32f1xx_hal_cortex.o
 .debug_info    0x0000000000003e90      0x6d2 ./Drivers/STM32F1xx_HAL_Driver/Src/stm32f1xx_hal_dma.o
 .debug_info    0x0000000000004562      0x5ab ./Drivers/STM32F1xx_HAL_Driver/Src/stm32f1xx_hal_gpio.o
 .debug_info    0x0000000000004b0d      0x7d5 ./Drivers/STM32F1xx_HAL_Driver/Src/stm32f1xx_hal_rcc.o
 .debug_info    0x00000000000052e2     0x1503 ./Drivers/STM32F1xx_HAL_Driver/Src/stm32f1xx_hal_spi.o

.debug_abbrev   0x0000000000000000     0x1abb
 .debug_abbrev  0x0000000000000000      0x190 ./Core/Src/BZR_prog.o
 .debug_abbrev  0x0000000000000190      0x176 ./Core/Src/CLCD_prog.o
 .debug_abbrev  0x0000000000000306      0x173 ./Core/Src/LED_prog.o
 .debug_abbrev  0x0000000000000479       0xc4 ./Core/Src/StringLib.o
 .debug_abbrev  0x000000000000053d      0x2e1 ./Core/Src/main.o
 .debug_abbrev  0x000000000000081e      0x1b3 ./Core/Src/stm32f1xx_hal_msp.o
 .debug_abbrev  0x00000000000009d1      0x194 ./Core/Src/stm32f1xx_it.o
 .debug_abbrev  0x0000000000000b65      0x13f ./Core/Src/system_stm32f1xx.o
 .debug_abbrev  0x0000000000000ca4       0x12 ./Core/Startup/startup_stm32f103c8tx.o
 .debug_abbrev  0x0000000000000cb6      0x201 ./Drivers/STM32F1xx_HAL_Driver/Src/stm32f1xx_hal.o
 .debug_abbrev  0x0000000000000eb7      0x2f8 ./Drivers/STM32F1xx_HAL_Driver/Src/stm32f1xx_hal_cortex.o
 .debug_abbrev  0x00000000000011af      0x20b ./Drivers/STM32F1xx_HAL_Driver/Src/stm32f1xx_hal_dma.o
 .debug_abbrev  0x00000000000013ba      0x1ca ./Drivers/STM32F1xx_HAL_Driver/Src/stm32f1xx_hal_gpio.o
 .debug_abbrev  0x0000000000001584      0x2b3 ./Drivers/STM32F1xx_HAL_Driver/Src/stm32f1xx_hal_rcc.o
 .debug_abbrev  0x0000000000001837      0x284 ./Drivers/STM32F1xx_HAL_Driver/Src/stm32f1xx_hal_spi.o

.debug_aranges  0x0000000000000000      0x768
 .debug_aranges
                0x0000000000000000       0x40 ./Core/Src/BZR_prog.o
 .debug_aranges
                0x0000000000000040       0x58 ./Core/Src/CLCD_prog.o
 .debug_aranges
                0x0000000000000098       0x30 ./Core/Src/LED_prog.o
 .debug_aranges
                0x00000000000000c8       0x38 ./Core/Src/StringLib.o
 .debug_aranges
                0x0000000000000100       0x60 ./Core/Src/main.o
 .debug_aranges
                0x0000000000000160       0x30 ./Core/Src/stm32f1xx_hal_msp.o
 .debug_aranges
                0x0000000000000190       0x70 ./Core/Src/stm32f1xx_it.o
 .debug_aranges
                0x0000000000000200       0x28 ./Core/Src/system_stm32f1xx.o
 .debug_aranges
                0x0000000000000228       0x28 ./Core/Startup/startup_stm32f103c8tx.o
 .debug_aranges
                0x0000000000000250       0xe0 ./Drivers/STM32F1xx_HAL_Driver/Src/stm32f1xx_hal.o
 .debug_aranges
                0x0000000000000330      0x100 ./Drivers/STM32F1xx_HAL_Driver/Src/stm32f1xx_hal_cortex.o
 .debug_aranges
                0x0000000000000430       0x80 ./Drivers/STM32F1xx_HAL_Driver/Src/stm32f1xx_hal_dma.o
 .debug_aranges
                0x00000000000004b0       0x58 ./Drivers/STM32F1xx_HAL_Driver/Src/stm32f1xx_hal_gpio.o
 .debug_aranges
                0x0000000000000508       0x90 ./Drivers/STM32F1xx_HAL_Driver/Src/stm32f1xx_hal_rcc.o
 .debug_aranges
                0x0000000000000598      0x1d0 ./Drivers/STM32F1xx_HAL_Driver/Src/stm32f1xx_hal_spi.o

.debug_rnglists
                0x0000000000000000      0x576
 .debug_rnglists
                0x0000000000000000       0x2c ./Core/Src/BZR_prog.o
 .debug_rnglists
                0x000000000000002c       0x40 ./Core/Src/CLCD_prog.o
 .debug_rnglists
                0x000000000000006c       0x22 ./Core/Src/LED_prog.o
 .debug_rnglists
                0x000000000000008e       0x25 ./Core/Src/StringLib.o
 .debug_rnglists
                0x00000000000000b3       0x46 ./Core/Src/main.o
 .debug_rnglists
                0x00000000000000f9       0x20 ./Core/Src/stm32f1xx_hal_msp.o
 .debug_rnglists
                0x0000000000000119       0x4f ./Core/Src/stm32f1xx_it.o
 .debug_rnglists
                0x0000000000000168       0x1a ./Core/Src/system_stm32f1xx.o
 .debug_rnglists
                0x0000000000000182       0x19 ./Core/Startup/startup_stm32f103c8tx.o
 .debug_rnglists
                0x000000000000019b       0xa3 ./Drivers/STM32F1xx_HAL_Driver/Src/stm32f1xx_hal.o
 .debug_rnglists
                0x000000000000023e       0xbb ./Drivers/STM32F1xx_HAL_Driver/Src/stm32f1xx_hal_cortex.o
 .debug_rnglists
                0x00000000000002f9       0x64 ./Drivers/STM32F1xx_HAL_Driver/Src/stm32f1xx_hal_dma.o
 .debug_rnglists
                0x000000000000035d       0x3f ./Drivers/STM32F1xx_HAL_Driver/Src/stm32f1xx_hal_gpio.o
 .debug_rnglists
                0x000000000000039c       0x6c ./Drivers/STM32F1xx_HAL_Driver/Src/stm32f1xx_hal_rcc.o
 .debug_rnglists
                0x0000000000000408      0x16e ./Drivers/STM32F1xx_HAL_Driver/Src/stm32f1xx_hal_spi.o

.debug_macro    0x0000000000000000    0x167cf
 .debug_macro   0x0000000000000000      0x1aa ./Core/Src/BZR_prog.o
 .debug_macro   0x00000000000001aa      0xa9c ./Core/Src/BZR_prog.o
 .debug_macro   0x0000000000000c46       0x22 ./Core/Src/BZR_prog.o
 .debug_macro   0x0000000000000c68       0x8e ./Core/Src/BZR_prog.o
 .debug_macro   0x0000000000000cf6       0x51 ./Core/Src/BZR_prog.o
 .debug_macro   0x0000000000000d47      0x103 ./Core/Src/BZR_prog.o
 .debug_macro   0x0000000000000e4a       0x6a ./Core/Src/BZR_prog.o
 .debug_macro   0x0000000000000eb4      0x1df ./Core/Src/BZR_prog.o
 .debug_macro   0x0000000000001093      0x215 ./Core/Src/BZR_prog.o
 .debug_macro   0x00000000000012a8       0x2e ./Core/Src/BZR_prog.o
 .debug_macro   0x00000000000012d6       0x22 ./Core/Src/BZR_prog.o
 .debug_macro   0x00000000000012f8       0x1c ./Core/Src/BZR_prog.o
 .debug_macro   0x0000000000001314       0x22 ./Core/Src/BZR_prog.o
 .debug_macro   0x0000000000001336       0xbd ./Core/Src/BZR_prog.o
 .debug_macro   0x00000000000013f3      0xd23 ./Core/Src/BZR_prog.o
 .debug_macro   0x0000000000002116     0xe09e ./Core/Src/BZR_prog.o
 .debug_macro   0x00000000000101b4       0x6d ./Core/Src/BZR_prog.o
 .debug_macro   0x0000000000010221     0x348d ./Core/Src/BZR_prog.o
 .debug_macro   0x00000000000136ae      0x174 ./Core/Src/BZR_prog.o
 .debug_macro   0x0000000000013822       0x5c ./Core/Src/BZR_prog.o
 .debug_macro   0x000000000001387e      0x5bc ./Core/Src/BZR_prog.o
 .debug_macro   0x0000000000013e3a      0x289 ./Core/Src/BZR_prog.o
 .debug_macro   0x00000000000140c3      0x1cb ./Core/Src/BZR_prog.o
 .debug_macro   0x000000000001428e      0x114 ./Core/Src/BZR_prog.o
 .debug_macro   0x00000000000143a2      0x1b2 ./Core/Src/BZR_prog.o
 .debug_macro   0x0000000000014554       0x27 ./Core/Src/BZR_prog.o
 .debug_macro   0x000000000001457b      0x136 ./Core/Src/BZR_prog.o
 .debug_macro   0x00000000000146b1      0x1bc ./Core/Src/BZR_prog.o
 .debug_macro   0x000000000001486d       0x34 ./Core/Src/BZR_prog.o
 .debug_macro   0x00000000000148a1       0x3c ./Core/Src/BZR_prog.o
 .debug_macro   0x00000000000148dd       0x57 ./Core/Src/BZR_prog.o
 .debug_macro   0x0000000000014934       0x87 ./Core/Src/BZR_prog.o
 .debug_macro   0x00000000000149bb      0x240 ./Core/Src/BZR_prog.o
 .debug_macro   0x0000000000014bfb      0x140 ./Core/Src/BZR_prog.o
 .debug_macro   0x0000000000014d3b      0x217 ./Core/Src/BZR_prog.o
 .debug_macro   0x0000000000014f52       0x83 ./Core/Src/BZR_prog.o
 .debug_macro   0x0000000000014fd5       0x28 ./Core/Src/BZR_prog.o
 .debug_macro   0x0000000000014ffd       0x16 ./Core/Src/BZR_prog.o
 .debug_macro   0x0000000000015013      0x1aa ./Core/Src/CLCD_prog.o
 .debug_macro   0x00000000000151bd       0x28 ./Core/Src/CLCD_prog.o
 .debug_macro   0x00000000000151e5      0x1ab ./Core/Src/LED_prog.o
 .debug_macro   0x0000000000015390       0x75 ./Core/Src/StringLib.o
 .debug_macro   0x0000000000015405       0x16 ./Core/Src/StringLib.o
 .debug_macro   0x000000000001541b      0x1cd ./Core/Src/main.o
 .debug_macro   0x00000000000155e8       0x82 ./Core/Src/main.o
 .debug_macro   0x000000000001566a      0x296 ./Core/Src/main.o
 .debug_macro   0x0000000000015900      0x19d ./Core/Src/stm32f1xx_hal_msp.o
 .debug_macro   0x0000000000015a9d      0x1a7 ./Core/Src/stm32f1xx_it.o
 .debug_macro   0x0000000000015c44      0x18e ./Core/Src/system_stm32f1xx.o
 .debug_macro   0x0000000000015dd2      0x1b2 ./Drivers/STM32F1xx_HAL_Driver/Src/stm32f1xx_hal.o
 .debug_macro   0x0000000000015f84      0x18e ./Drivers/STM32F1xx_HAL_Driver/Src/stm32f1xx_hal_cortex.o
 .debug_macro   0x0000000000016112      0x18e ./Drivers/STM32F1xx_HAL_Driver/Src/stm32f1xx_hal_dma.o
 .debug_macro   0x00000000000162a0      0x1f9 ./Drivers/STM32F1xx_HAL_Driver/Src/stm32f1xx_hal_gpio.o
 .debug_macro   0x0000000000016499      0x1a0 ./Drivers/STM32F1xx_HAL_Driver/Src/stm32f1xx_hal_rcc.o
 .debug_macro   0x0000000000016639      0x196 ./Drivers/STM32F1xx_HAL_Driver/Src/stm32f1xx_hal_spi.o

.debug_line     0x0000000000000000     0x95b4
 .debug_line    0x0000000000000000      0x818 ./Core/Src/BZR_prog.o
 .debug_line    0x0000000000000818      0xa7b ./Core/Src/CLCD_prog.o
 .debug_line    0x0000000000001293      0x82c ./Core/Src/LED_prog.o
 .debug_line    0x0000000000001abf      0x4ea ./Core/Src/StringLib.o
 .debug_line    0x0000000000001fa9      0x93d ./Core/Src/main.o
 .debug_line    0x00000000000028e6      0x721 ./Core/Src/stm32f1xx_hal_msp.o
 .debug_line    0x0000000000003007      0x7bd ./Core/Src/stm32f1xx_it.o
 .debug_line    0x00000000000037c4      0x749 ./Core/Src/system_stm32f1xx.o
 .debug_line    0x0000000000003f0d       0x78 ./Core/Startup/startup_stm32f103c8tx.o
 .debug_line    0x0000000000003f85      0x976 ./Drivers/STM32F1xx_HAL_Driver/Src/stm32f1xx_hal.o
 .debug_line    0x00000000000048fb      0xb5e ./Drivers/STM32F1xx_HAL_Driver/Src/stm32f1xx_hal_cortex.o
 .debug_line    0x0000000000005459      0xdcf ./Drivers/STM32F1xx_HAL_Driver/Src/stm32f1xx_hal_dma.o
 .debug_line    0x0000000000006228      0xa0f ./Drivers/STM32F1xx_HAL_Driver/Src/stm32f1xx_hal_gpio.o
 .debug_line    0x0000000000006c37      0xd7f ./Drivers/STM32F1xx_HAL_Driver/Src/stm32f1xx_hal_rcc.o
 .debug_line    0x00000000000079b6     0x1bfe ./Drivers/STM32F1xx_HAL_Driver/Src/stm32f1xx_hal_spi.o

.debug_str      0x0000000000000000    0x7eefb
 .debug_str     0x0000000000000000    0x7bee6 ./Core/Src/BZR_prog.o
                                      0x7c221 (size before relaxing)
 .debug_str     0x000000000007bee6      0x2a5 ./Core/Src/CLCD_prog.o
                                      0x7c390 (size before relaxing)
 .debug_str     0x000000000007c18b       0xac ./Core/Src/LED_prog.o
                                      0x7c1b0 (size before relaxing)
 .debug_str     0x000000000007c237       0xe4 ./Core/Src/StringLib.o
                                       0x3e0d (size before relaxing)
 .debug_str     0x000000000007c31b     0x1753 ./Core/Src/main.o
                                      0x7dabd (size before relaxing)
 .debug_str     0x000000000007da6e       0x77 ./Core/Src/stm32f1xx_hal_msp.o
                                      0x7ca01 (size before relaxing)
 .debug_str     0x000000000007dae5      0x11a ./Core/Src/stm32f1xx_it.o
                                      0x7c70c (size before relaxing)
 .debug_str     0x000000000007dbff       0x7e ./Core/Src/system_stm32f1xx.o
                                      0x7c0e9 (size before relaxing)
 .debug_str     0x000000000007dc7d       0x34 ./Core/Startup/startup_stm32f103c8tx.o
                                         0x9f (size before relaxing)
 .debug_str     0x000000000007dcb1      0x37a ./Drivers/STM32F1xx_HAL_Driver/Src/stm32f1xx_hal.o
                                      0x7c81c (size before relaxing)
 .debug_str     0x000000000007e02b      0x29e ./Drivers/STM32F1xx_HAL_Driver/Src/stm32f1xx_hal_cortex.o
                                      0x7c768 (size before relaxing)
 .debug_str     0x000000000007e2c9      0x23a ./Drivers/STM32F1xx_HAL_Driver/Src/stm32f1xx_hal_dma.o
                                      0x7c492 (size before relaxing)
 .debug_str     0x000000000007e503      0x2bb ./Drivers/STM32F1xx_HAL_Driver/Src/stm32f1xx_hal_gpio.o
                                      0x7c46f (size before relaxing)
 .debug_str     0x000000000007e7be      0x229 ./Drivers/STM32F1xx_HAL_Driver/Src/stm32f1xx_hal_rcc.o
                                      0x7c518 (size before relaxing)
 .debug_str     0x000000000007e9e7      0x514 ./Drivers/STM32F1xx_HAL_Driver/Src/stm32f1xx_hal_spi.o
                                      0x7ca15 (size before relaxing)

.debug_frame    0x0000000000000000     0x1bb4
 .debug_frame   0x0000000000000000       0xc8 ./Core/Src/BZR_prog.o
 .debug_frame   0x00000000000000c8      0x138 ./Core/Src/CLCD_prog.o
 .debug_frame   0x0000000000000200       0x7c ./Core/Src/LED_prog.o
 .debug_frame   0x000000000000027c       0xb0 ./Core/Src/StringLib.o
 .debug_frame   0x000000000000032c      0x13c ./Core/Src/main.o
 .debug_frame   0x0000000000000468       0x80 ./Core/Src/stm32f1xx_hal_msp.o
 .debug_frame   0x00000000000004e8      0x13c ./Core/Src/stm32f1xx_it.o
 .debug_frame   0x0000000000000624       0x58 ./Core/Src/system_stm32f1xx.o
 .debug_frame   0x000000000000067c      0x334 ./Drivers/STM32F1xx_HAL_Driver/Src/stm32f1xx_hal.o
 .debug_frame   0x00000000000009b0      0x428 ./Drivers/STM32F1xx_HAL_Driver/Src/stm32f1xx_hal_cortex.o
 .debug_frame   0x0000000000000dd8      0x208 ./Drivers/STM32F1xx_HAL_Driver/Src/stm32f1xx_hal_dma.o
 .debug_frame   0x0000000000000fe0      0x14c ./Drivers/STM32F1xx_HAL_Driver/Src/stm32f1xx_hal_gpio.o
 .debug_frame   0x000000000000112c      0x218 ./Drivers/STM32F1xx_HAL_Driver/Src/stm32f1xx_hal_rcc.o
 .debug_frame   0x0000000000001344      0x824 ./Drivers/STM32F1xx_HAL_Driver/Src/stm32f1xx_hal_spi.o
 .debug_frame   0x0000000000001b68       0x20 C:/ST/STM32CubeIDE_1.12.0/STM32CubeIDE/plugins/com.st.stm32cube.ide.mcu.externaltools.gnu-tools-for-stm32.11.3.rel1.win32_1.1.0.202305231506/tools/bin/../lib/gcc/arm-none-eabi/11.3.1/../../../../arm-none-eabi/lib/thumb/v7-m/nofp\libc_nano.a(libc_a-memset.o)
 .debug_frame   0x0000000000001b88       0x2c C:/ST/STM32CubeIDE_1.12.0/STM32CubeIDE/plugins/com.st.stm32cube.ide.mcu.externaltools.gnu-tools-for-stm32.11.3.rel1.win32_1.1.0.202305231506/tools/bin/../lib/gcc/arm-none-eabi/11.3.1/../../../../arm-none-eabi/lib/thumb/v7-m/nofp\libc_nano.a(libc_a-init.o)

.debug_line_str
                0x0000000000000000       0x93
 .debug_line_str
                0x0000000000000000       0x93 ./Core/Startup/startup_stm32f103c8tx.o
                                         0xab (size before relaxing)
