Archive member included to satisfy reference by file (symbol)

C:/ST/STM32CubeIDE_1.12.0/STM32CubeIDE/plugins/com.st.stm32cube.ide.mcu.externaltools.gnu-tools-for-stm32.11.3.rel1.win32_1.1.0.202305231506/tools/bin/../lib/gcc/arm-none-eabi/11.3.1/../../../../arm-none-eabi/lib/thumb/v7e-m+fp/hard\libc_nano.a(libc_a-exit.o)
                              C:/ST/STM32CubeIDE_1.12.0/STM32CubeIDE/plugins/com.st.stm32cube.ide.mcu.externaltools.gnu-tools-for-stm32.11.3.rel1.win32_1.1.0.202305231506/tools/bin/../lib/gcc/arm-none-eabi/11.3.1/../../../../arm-none-eabi/lib/thumb/v7e-m+fp/hard/crt0.o (exit)
C:/ST/STM32CubeIDE_1.12.0/STM32CubeIDE/plugins/com.st.stm32cube.ide.mcu.externaltools.gnu-tools-for-stm32.11.3.rel1.win32_1.1.0.202305231506/tools/bin/../lib/gcc/arm-none-eabi/11.3.1/../../../../arm-none-eabi/lib/thumb/v7e-m+fp/hard\libc_nano.a(libc_a-findfp.o)
                              C:/ST/STM32CubeIDE_1.12.0/STM32CubeIDE/plugins/com.st.stm32cube.ide.mcu.externaltools.gnu-tools-for-stm32.11.3.rel1.win32_1.1.0.202305231506/tools/bin/../lib/gcc/arm-none-eabi/11.3.1/../../../../arm-none-eabi/lib/thumb/v7e-m+fp/hard\libc_nano.a(libc_a-exit.o) (__stdio_exit_handler)
C:/ST/STM32CubeIDE_1.12.0/STM32CubeIDE/plugins/com.st.stm32cube.ide.mcu.externaltools.gnu-tools-for-stm32.11.3.rel1.win32_1.1.0.202305231506/tools/bin/../lib/gcc/arm-none-eabi/11.3.1/../../../../arm-none-eabi/lib/thumb/v7e-m+fp/hard\libc_nano.a(libc_a-fwalk.o)
                              C:/ST/STM32CubeIDE_1.12.0/STM32CubeIDE/plugins/com.st.stm32cube.ide.mcu.externaltools.gnu-tools-for-stm32.11.3.rel1.win32_1.1.0.202305231506/tools/bin/../lib/gcc/arm-none-eabi/11.3.1/../../../../arm-none-eabi/lib/thumb/v7e-m+fp/hard\libc_nano.a(libc_a-findfp.o) (_fwalk_sglue)
C:/ST/STM32CubeIDE_1.12.0/STM32CubeIDE/plugins/com.st.stm32cube.ide.mcu.externaltools.gnu-tools-for-stm32.11.3.rel1.win32_1.1.0.202305231506/tools/bin/../lib/gcc/arm-none-eabi/11.3.1/../../../../arm-none-eabi/lib/thumb/v7e-m+fp/hard\libc_nano.a(libc_a-stdio.o)
                              C:/ST/STM32CubeIDE_1.12.0/STM32CubeIDE/plugins/com.st.stm32cube.ide.mcu.externaltools.gnu-tools-for-stm32.11.3.rel1.win32_1.1.0.202305231506/tools/bin/../lib/gcc/arm-none-eabi/11.3.1/../../../../arm-none-eabi/lib/thumb/v7e-m+fp/hard\libc_nano.a(libc_a-findfp.o) (__sread)
C:/ST/STM32CubeIDE_1.12.0/STM32CubeIDE/plugins/com.st.stm32cube.ide.mcu.externaltools.gnu-tools-for-stm32.11.3.rel1.win32_1.1.0.202305231506/tools/bin/../lib/gcc/arm-none-eabi/11.3.1/../../../../arm-none-eabi/lib/thumb/v7e-m+fp/hard\libc_nano.a(libc_a-memset.o)
                              C:/ST/STM32CubeIDE_1.12.0/STM32CubeIDE/plugins/com.st.stm32cube.ide.mcu.externaltools.gnu-tools-for-stm32.11.3.rel1.win32_1.1.0.202305231506/tools/bin/../lib/gcc/arm-none-eabi/11.3.1/../../../../arm-none-eabi/lib/thumb/v7e-m+fp/hard/crt0.o (memset)
C:/ST/STM32CubeIDE_1.12.0/STM32CubeIDE/plugins/com.st.stm32cube.ide.mcu.externaltools.gnu-tools-for-stm32.11.3.rel1.win32_1.1.0.202305231506/tools/bin/../lib/gcc/arm-none-eabi/11.3.1/../../../../arm-none-eabi/lib/thumb/v7e-m+fp/hard\libc_nano.a(libc_a-closer.o)
                              C:/ST/STM32CubeIDE_1.12.0/STM32CubeIDE/plugins/com.st.stm32cube.ide.mcu.externaltools.gnu-tools-for-stm32.11.3.rel1.win32_1.1.0.202305231506/tools/bin/../lib/gcc/arm-none-eabi/11.3.1/../../../../arm-none-eabi/lib/thumb/v7e-m+fp/hard\libc_nano.a(libc_a-stdio.o) (_close_r)
C:/ST/STM32CubeIDE_1.12.0/STM32CubeIDE/plugins/com.st.stm32cube.ide.mcu.externaltools.gnu-tools-for-stm32.11.3.rel1.win32_1.1.0.202305231506/tools/bin/../lib/gcc/arm-none-eabi/11.3.1/../../../../arm-none-eabi/lib/thumb/v7e-m+fp/hard\libc_nano.a(libc_a-reent.o)
                              C:/ST/STM32CubeIDE_1.12.0/STM32CubeIDE/plugins/com.st.stm32cube.ide.mcu.externaltools.gnu-tools-for-stm32.11.3.rel1.win32_1.1.0.202305231506/tools/bin/../lib/gcc/arm-none-eabi/11.3.1/../../../../arm-none-eabi/lib/thumb/v7e-m+fp/hard\libc_nano.a(libc_a-closer.o) (errno)
C:/ST/STM32CubeIDE_1.12.0/STM32CubeIDE/plugins/com.st.stm32cube.ide.mcu.externaltools.gnu-tools-for-stm32.11.3.rel1.win32_1.1.0.202305231506/tools/bin/../lib/gcc/arm-none-eabi/11.3.1/../../../../arm-none-eabi/lib/thumb/v7e-m+fp/hard\libc_nano.a(libc_a-impure.o)
                              C:/ST/STM32CubeIDE_1.12.0/STM32CubeIDE/plugins/com.st.stm32cube.ide.mcu.externaltools.gnu-tools-for-stm32.11.3.rel1.win32_1.1.0.202305231506/tools/bin/../lib/gcc/arm-none-eabi/11.3.1/../../../../arm-none-eabi/lib/thumb/v7e-m+fp/hard\libc_nano.a(libc_a-reent.o) (_impure_ptr)
C:/ST/STM32CubeIDE_1.12.0/STM32CubeIDE/plugins/com.st.stm32cube.ide.mcu.externaltools.gnu-tools-for-stm32.11.3.rel1.win32_1.1.0.202305231506/tools/bin/../lib/gcc/arm-none-eabi/11.3.1/../../../../arm-none-eabi/lib/thumb/v7e-m+fp/hard\libc_nano.a(libc_a-lseekr.o)
[...]
Memory Configuration

Name             Origin             Length             Attributes
RAM              0x0000000020000000 0x0000000000020000 xrw
FLASH            0x0000000008000000 0x0000000000080000 xr
*default*        0x0000000000000000 0xffffffffffffffff

Linker script and memory map

LOAD C:/ST/STM32CubeIDE_1.12.0/STM32CubeIDE/plugins/com.st.stm32cube.ide.mcu.externaltools.gnu-tools-for-stm32.11.3.rel1.win32_1.1.0.202305231506/tools/bin/../lib/gcc/arm-none-eabi/11.3.1/thumb/v7e-m+fp/hard/crti.o
LOAD C:/ST/STM32CubeIDE_1.12.0/STM32CubeIDE/plugins/com.st.stm32cube.ide.mcu.externaltools.gnu-tools-for-stm32.11.3.rel1.win32_1.1.0.202305231506/tools/bin/../lib/gcc/arm-none-eabi/11.3.1/thumb/v7e-m+fp/hard/crtbegin.o
LOAD C:/ST/STM32CubeIDE_1.12.0/STM32CubeIDE/plugins/com.st.stm32cube.ide.mcu.externaltools.gnu-tools-for-stm32.11.3.rel1.win32_1.1.0.202305231506/tools/bin/../lib/gcc/arm-none-eabi/11.3.1/../../../../arm-none-eabi/lib/thumb/v7e-m+fp/hard/crt0.o
LOAD ./Core/Src/ComMgr.o
LOAD ./Core/Src/DS1307_prog.o
LOAD ./Core/Src/Dashboard.o
LOAD ./Core/Src/StringLib.o
LOAD ./Core/Src/main.o
LOAD ./Core/Src/stm32f4xx_hal_msp.o
LOAD ./Core/Src/stm32f4xx_it.o
LOAD ./Core/Src/syscalls.o
LOAD ./Core/Src/sysmem.o
LOAD ./Core/Src/system_stm32f4xx.o
LOAD ./Core/Startup/startup_stm32f446retx.o
LOAD ./Drivers/STM32F4xx_HAL_Driver/Src/stm32f4xx_hal.o
LOAD ./Drivers/STM32F4xx_HAL_Driver/Src/stm32f4xx_hal_cortex.o
LOAD ./Drivers/STM32F4xx_HAL_Driver/Src/stm32f4xx_hal_dma.o
LOAD ./Drivers/STM32F4xx_HAL_Driver/Src/stm32f4xx_hal_dma_ex.o
LOAD ./Drivers/STM32F4xx_HAL_Driver/Src/stm32f4xx_hal_exti.o
LOAD ./Drivers/STM32F4xx_HAL_Driver/Src/stm32f4xx_hal_flash.o
LOAD ./Drivers/STM32F4xx_HAL_Driver/Src/stm32f4xx_hal_flash_ex.o
LOAD ./Drivers/STM32F4xx_HAL_Driver/Src/stm32f4xx_hal_flash_ramfunc.o
LOAD ./Drivers/STM32F4xx_HAL_Driver/Src/stm32f4xx_hal_gpio.o
LOAD ./Drivers/STM32F4xx_HAL_Driver/Src/stm32f4xx_hal_i2c.o
LOAD ./Drivers/STM32F4xx_HAL_Driver/Src/stm32f4xx_hal_i2c_ex.o
LOAD ./Drivers/STM32F4xx_HAL_Driver/Src/stm32f4xx_hal_pwr.o
LOAD ./Drivers/STM32F4xx_HAL_Driver/Src/stm32f4xx_hal_pwr_ex.o
LOAD ./Drivers/STM32F4xx_HAL_Driver/Src/stm32f4xx_hal_rcc.o
LOAD ./Drivers/STM32F4xx_HAL_Driver/Src/stm32f4xx_hal_rcc_ex.o
LOAD ./Drivers/STM32F4xx_HAL_Driver/Src/stm32f4xx_hal_spi.o
LOAD ./Drivers/STM32F4xx_HAL_Driver/Src/stm32f4xx_hal_tim.o
LOAD ./Drivers/STM32F4xx_HAL_Driver/Src/stm32f4xx_hal_tim_ex.o
LOAD ./Drivers/STM32F4xx_HAL_Driver/Src/stm32f4xx_hal_uart.o
START GROUP
LOAD C:/ST/STM32CubeIDE_1.12.0/STM32CubeIDE/plugins/com.st.stm32cube.ide.mcu.externaltools.gnu-tools-for-stm32.11.3.rel1.win32_1.1.0.202305231506/tools/bin/../lib/gcc/arm-none-eabi/11.3.1/../../../../arm-none-eabi/lib/thumb/v7e-m+fp/hard\libc_nano.a
LOAD C:/ST/STM32CubeIDE_1.12.0/STM32CubeIDE/plugins/com.st.stm32cube.ide.mcu.externaltools.gnu-tools-for-stm32.11.3.rel1.win32_1.1.0.202305231506/tools/bin/../lib/gcc/arm-none-eabi/11.3.1/../../../../arm-none-eabi/lib/thumb/v7e-m+fp/hard\libm.a
END GROUP
START GROUP
LOAD C:/ST/STM32CubeIDE_1.12.0/STM32CubeIDE/plugins/com.st.stm32cube.ide.mcu.externaltools.gnu-tools-for-stm32.11.3.rel1.win32_1.1.0.202305231506/tools/bin/../lib/gcc/arm-none-eabi/11.3.1/thumb/v7e-m+fp/hard\libgcc.a
LOAD C:/ST/STM32CubeIDE_1.12.0/STM32CubeIDE/plugins/com.st.stm32cube.ide.mcu.externaltools.gnu-tools-for-stm32.11.3.rel1.win32_1.1.0.202305231506/tools/bin/../lib/gcc/arm-none-eabi/11.3.1/../../../../arm-none-eabi/lib/thumb/v7e-m+fp/hard\libc_nano.a
END GROUP
START GROUP
LOAD C:/ST/STM32CubeIDE_1.12.0/STM32CubeIDE/plugins/com.st.stm32cube.ide.mcu.externaltools.gnu-tools-for-stm32.11.3.rel1.win32_1.1.0.202305231506/tools/bin/../lib/gcc/arm-none-eabi/11.3.1/thumb/v7e-m+fp/hard\libgcc.a
LOAD C:/ST/STM32CubeIDE_1.12.0/STM32CubeIDE/plugins/com.st.stm32cube.ide.mcu.externaltools.gnu-tools-for-stm32.11.3.rel1.win32_1.1.0.202305231506/tools/bin/../lib/gcc/arm-none-eabi/11.3.1/../../../../arm-none-eabi/lib/thumb/v7e-m+fp/hard\libc_nano.a
LOAD C:/ST/STM32CubeIDE_1.12.0/STM32CubeIDE/plugins/com.st.stm32cube.ide.mcu.externaltools.gnu-tools-for-stm32.11.3.rel1.win32_1.1.0.202305231506/tools/bin/../lib/gcc/arm-none-eabi/11.3.1/../../../../arm-none-eabi/lib/thumb/v7e-m+fp/hard\libnosys.a
END GROUP
START GROUP
LOAD C:/ST/STM32CubeIDE_1.12.0/STM32CubeIDE/plugins/com.st.stm32cube.ide.mcu.externaltools.gnu-tools-for-stm32.11.3.rel1.win32_1.1.0.202305231506/tools/bin/../lib/gcc/arm-none-eabi/11.3.1/thumb/v7e-m+fp/hard\libgcc.a
LOAD C:/ST/STM32CubeIDE_1.12.0/STM32CubeIDE/plugins/com.st.stm32cube.ide.mcu.externaltools.gnu-tools-for-stm32.11.3.rel1.win32_1.1.0.202305231506/tools/bin/../lib/gcc/arm-none-eabi/11.3.1/../../../../arm-none-eabi/lib/thumb/v7e-m+fp/hard\libc_nano.a
LOAD C:/ST/STM32CubeIDE_1.12.0/STM32CubeIDE/plugins/com.st.stm32cube.ide.mcu.externaltools.gnu-tools-for-stm32.11.3.rel1.win32_1.1.0.202305231506/tools/bin/../lib/gcc/arm-none-eabi/11.3.1/../../../../arm-none-eabi/lib/thumb/v7e-m+fp/hard\libnosys.a
END GROUP
LOAD C:/ST/STM32CubeIDE_1.12.0/STM32CubeIDE/plugins/com.st.stm32cube.ide.mcu.externaltools.gnu-tools-for-stm32.11.3.rel1.win32_1.1.0.202305231506/tools/bin/../lib/gcc/arm-none-eabi/11.3.1/thumb/v7e-m+fp/hard/crtend.o
LOAD C:/ST/STM32CubeIDE_1.12.0/STM32CubeIDE/plugins/com.st.stm32cube.ide.mcu.externaltools.gnu-tools-for-stm32.11.3.rel1.win32_1.1.0.202305231506/tools/bin/../lib/gcc/arm-none-eabi/11.3.1/thumb/v7e-m+fp/hard/crtn.o
                0x0000000020020000                _estack = (ORIGIN (RAM) + LENGTH (RAM))
                0x0000000000000200                _Min_Heap_Size = 0x200
                0x0000000000000400                _Min_Stack_Size = 0x400

.isr_vector     0x0000000008000000      0x1c4
                0x0000000008000000                . = ALIGN (0x4)
 *(.isr_vector)
 .isr_vector    0x0000000008000000      0x1c4 ./Core/Startup/startup_stm32f446retx.o
                0x0000000008000000                g_pfnVectors
                0x00000000080001c4                . = ALIGN (0x4)

.text           0x00000000080001c4     0x7380
                0x00000000080001c4                . = ALIGN (0x4)
 *(.text)
 .text          0x00000000080001c4       0x40 C:/ST/STM32CubeIDE_1.12.0/STM32CubeIDE/plugins/com.st.stm32cube.ide.mcu.externaltools.gnu-tools-for-stm32.11.3.rel1.win32_1.1.0.202305231506/tools/bin/../lib/gcc/arm-none-eabi/11.3.1/thumb/v7e-m+fp/hard/crtbegin.o
 .text          0x0000000008000204       0x30 C:/ST/STM32CubeIDE_1.12.0/STM32CubeIDE/plugins/com.st.stm32cube.ide.mcu.externaltools.gnu-tools-for-stm32.11.3.rel1.win32_1.1.0.202305231506/tools/bin/../lib/gcc/arm-none-eabi/11.3.1/thumb/v7e-m+fp/hard\libgcc.a(_aeabi_uldivmod.o)
                0x0000000008000204                __aeabi_uldivmod
 .text          0x0000000008000234      0x2c8 C:/ST/STM32CubeIDE_1.12.0/STM32CubeIDE/plugins/com.st.stm32cube.ide.mcu.externaltools.gnu-tools-for-stm32.11.3.rel1.win32_1.1.0.202305231506/tools/bin/../lib/gcc/arm-none-eabi/11.3.1/thumb/v7e-m+fp/hard\libgcc.a(_udivmoddi4.o)
                0x0000000008000234                __udivmoddi4
 .text          0x00000000080004fc        0x4 C:/ST/STM32CubeIDE_1.12.0/STM32CubeIDE/plugins/com.st.stm32cube.ide.mcu.externaltools.gnu-tools-for-stm32.11.3.rel1.win32_1.1.0.202305231506/tools/bin/../lib/gcc/arm-none-eabi/11.3.1/thumb/v7e-m+fp/hard\libgcc.a(_dvmd_tls.o)
                0x00000000080004fc                __aeabi_idiv0
                0x00000000080004fc                __aeabi_ldiv0
 *(.text*)
 .text.SPITransmit
                0x0000000008000500       0x40 ./Core/Src/ComMgr.o
 .text.ComMgr_PrintPassword
                0x0000000008000540       0x90 ./Core/Src/ComMgr.o
 .text.ComMgr_Print
                0x00000000080005d0       0x48 ./Core/Src/ComMgr.o
                0x00000000080005d0                ComMgr_Print
 .text.ComMgr_Println
                0x0000000008000618       0x6c ./Core/Src/ComMgr.o
                0x0000000008000618                ComMgr_Println
 .text.ComMgr_Scan
                0x0000000008000684       0xb8 ./Core/Src/ComMgr.o
                0x0000000008000684                ComMgr_Scan
 .text.WriteReg
                0x000000000800073c       0x38 ./Core/Src/DS1307_prog.o
 .text.ReadReg  0x0000000008000774       0x44 ./Core/Src/DS1307_prog.o
 .text.BCD2Bin  0x00000000080007b8       0x32 ./Core/Src/DS1307_prog.o
 *fill*         0x00000000080007ea        0x2 
 .text.Bin2BCD  0x00000000080007ec       0x44 ./Core/Src/DS1307_prog.o
 .text.IsTimeValid
                0x0000000008000830       0x6a ./Core/Src/DS1307_prog.o
 .text.IsDateValid
                0x000000000800089a       0x52 ./Core/Src/DS1307_prog.o
 .text.DS1307_u8Init
                0x00000000080008ec       0x34 ./Core/Src/DS1307_prog.o
                0x00000000080008ec                DS1307_u8Init
 .text.DS1307_u8SetTime
                0x0000000008000920       0x86 ./Core/Src/DS1307_prog.o
                0x0000000008000920                DS1307_u8SetTime
 .text.DS1307_u8GetTime
                0x00000000080009a6       0xa4 ./Core/Src/DS1307_prog.o
                0x00000000080009a6                DS1307_u8GetTime
 .text.DS1307_u8SetDate
                0x0000000008000a4a       0x7c ./Core/Src/DS1307_prog.o
                0x0000000008000a4a                DS1307_u8SetDate
 .text.DS1307_u8GetDate
                0x0000000008000ac6       0x74 ./Core/Src/DS1307_prog.o
                0x0000000008000ac6                DS1307_u8GetDate
 *fill*         0x0000000008000b3a        0x2 
 .text.PrintMainMenu
                0x0000000008000b3c       0xb4 ./Core/Src/Dashboard.o
                0x0000000008000b3c                PrintMainMenu
 .text.CheckUserName
                0x0000000008000bf0       0x26 ./Core/Src/Dashboard.o
                0x0000000008000bf0                CheckUserName
 .text.CheckPassword
                0x0000000008000c16       0x26 ./Core/Src/Dashboard.o
                0x0000000008000c16                CheckPassword
 .text.DisplayTimeDate
                0x0000000008000c3c      0x10c ./Core/Src/Dashboard.o
                0x0000000008000c3c                DisplayTimeDate
 .text.SetTimeDate
                0x0000000008000d48       0xe4 ./Core/Src/Dashboard.o
                0x0000000008000d48                SetTimeDate
 .text.SetAlarm
                0x0000000008000e2c      0x158 ./Core/Src/Dashboard.o
                0x0000000008000e2c                SetAlarm
 .text.DoesAlarmCame
                0x0000000008000f84       0xf8 ./Core/Src/Dashboard.o
                0x0000000008000f84                DoesAlarmCame
 .text.Time2String
                0x000000000800107c      0x104 ./Core/Src/Dashboard.o
 .text.Date2String
                0x0000000008001180      0x104 ./Core/Src/Dashboard.o
 .text.String2Time
                0x0000000008001284       0xa8 ./Core/Src/Dashboard.o
 .text.String2Date
                0x000000000800132c      0x114 ./Core/Src/Dashboard.o
 .text.HoursTo24
                0x0000000008001440       0x64 ./Core/Src/Dashboard.o
 .text.IsStringsEqual
                0x00000000080014a4       0x46 ./Core/Src/StringLib.o
                0x00000000080014a4                IsStringsEqual
 .text.StringLength
                0x00000000080014ea       0x30 ./Core/Src/StringLib.o
                0x00000000080014ea                StringLength
 *fill*         0x000000000800151a        0x2 
 .text.main     0x000000000800151c      0x2bc ./Core/Src/main.o
                0x000000000800151c                main
 .text.SystemClock_Config
                0x00000000080017d8       0xc0 ./Core/Src/main.o
                0x00000000080017d8                SystemClock_Config
 .text.MX_I2C1_Init
                0x0000000008001898       0x5c ./Core/Src/main.o
 .text.MX_SPI2_Init
                0x00000000080018f4       0x6c ./Core/Src/main.o
 .text.MX_USART2_UART_Init
                0x0000000008001960       0x54 ./Core/Src/main.o
 .text.MX_DMA_Init
                0x00000000080019b4       0x50 ./Core/Src/main.o
 .text.MX_GPIO_Init
                0x0000000008001a04      0x104 ./Core/Src/main.o
 .text.Error_Handler
                0x0000000008001b08        0xa ./Core/Src/main.o
                0x0000000008001b08                Error_Handler
 *fill*         0x0000000008001b12        0x2 
 .text.HAL_MspInit
                0x0000000008001b14       0x50 ./Core/Src/stm32f4xx_hal_msp.o
                0x0000000008001b14                HAL_MspInit
 .text.HAL_I2C_MspInit
                0x0000000008001b64      0x164 ./Core/Src/stm32f4xx_hal_msp.o
                0x0000000008001b64                HAL_I2C_MspInit
 .text.HAL_SPI_MspInit
                0x0000000008001cc8      0x100 ./Core/Src/stm32f4xx_hal_msp.o
                0x0000000008001cc8                HAL_SPI_MspInit
 .text.HAL_UART_MspInit
                0x0000000008001dc8       0x90 ./Core/Src/stm32f4xx_hal_msp.o
                0x0000000008001dc8                HAL_UART_MspInit
 .text.NMI_Handler
                0x0000000008001e58        0x6 ./Core/Src/stm32f4xx_it.o
                0x0000000008001e58                NMI_Handler
 .text.HardFault_Handler
                0x0000000008001e5e        0x6 ./Core/Src/stm32f4xx_it.o
                0x0000000008001e5e                HardFault_Handler
 .text.MemManage_Handler
                0x0000000008001e64        0x6 ./Core/Src/stm32f4xx_it.o
                0x0000000008001e64                MemManage_Handler
 .text.BusFault_Handler
                0x0000000008001e6a        0x6 ./Core/Src/stm32f4xx_it.o
                0x0000000008001e6a                BusFault_Handler
 .text.UsageFault_Handler
                0x0000000008001e70        0x6 ./Core/Src/stm32f4xx_it.o
                0x0000000008001e70                UsageFault_Handler
 .text.SVC_Handler
                0x0000000008001e76        0xe ./Core/Src/stm32f4xx_it.o
                0x0000000008001e76                SVC_Handler
 .text.DebugMon_Handler
                0x0000000008001e84        0xe ./Core/Src/stm32f4xx_it.o
                0x0000000008001e84                DebugMon_Handler
 .text.PendSV_Handler
                0x0000000008001e92        0xe ./Core/Src/stm32f4xx_it.o
                0x0000000008001e92                PendSV_Handler
 .text.SysTick_Handler
                0x0000000008001ea0        0xc ./Core/Src/stm32f4xx_it.o
                0x0000000008001ea0                SysTick_Handler
 .text.DMA1_Stream0_IRQHandler
                0x0000000008001eac       0x14 ./Core/Src/stm32f4xx_it.o
                0x0000000008001eac                DMA1_Stream0_IRQHandler
 .text.DMA1_Stream6_IRQHandler
                0x0000000008001ec0       0x14 ./Core/Src/stm32f4xx_it.o
                0x0000000008001ec0                DMA1_Stream6_IRQHandler
 .text.I2C1_EV_IRQHandler
                0x0000000008001ed4       0x14 ./Core/Src/stm32f4xx_it.o
                0x0000000008001ed4                I2C1_EV_IRQHandler
 .text.SPI2_IRQHandler
                0x0000000008001ee8       0x14 ./Core/Src/stm32f4xx_it.o
                0x0000000008001ee8                SPI2_IRQHandler
 .text.SystemInit
                0x0000000008001efc       0x24 ./Core/Src/system_stm32f4xx.o
                0x0000000008001efc                SystemInit
 .text.Reset_Handler
                0x0000000008001f20       0x50 ./Core/Startup/startup_stm32f446retx.o
                0x0000000008001f20                Reset_Handler
 .text.Default_Handler
                0x0000000008001f70        0x2 ./Core/Startup/startup_stm32f446retx.o
                0x0000000008001f70                RTC_Alarm_IRQHandler
                0x0000000008001f70                EXTI2_IRQHandler
                0x0000000008001f70                TIM8_CC_IRQHandler
                0x0000000008001f70                FMPI2C1_EV_IRQHandler
                0x0000000008001f70                SPI4_IRQHandler
                0x0000000008001f70                TIM1_CC_IRQHandler
                0x0000000008001f70                DMA2_Stream5_IRQHandler
                0x0000000008001f70                DMA1_Stream5_IRQHandler
                0x0000000008001f70                PVD_IRQHandler
                0x0000000008001f70                SDIO_IRQHandler
                0x0000000008001f70                TAMP_STAMP_IRQHandler
                0x0000000008001f70                CAN2_RX1_IRQHandler
                0x0000000008001f70                EXTI3_IRQHandler
                0x0000000008001f70                TIM8_TRG_COM_TIM14_IRQHandler
                0x0000000008001f70                TIM1_UP_TIM10_IRQHandler
                0x0000000008001f70                TIM8_UP_TIM13_IRQHandler
                0x0000000008001f70                I2C3_ER_IRQHandler
                0x0000000008001f70                EXTI0_IRQHandler
                0x0000000008001f70                I2C2_EV_IRQHandler
                0x0000000008001f70                DMA1_Stream2_IRQHandler
                0x0000000008001f70                CAN1_RX0_IRQHandler
                0x0000000008001f70                FPU_IRQHandler
                0x0000000008001f70                OTG_HS_WKUP_IRQHandler
                0x0000000008001f70                CAN2_SCE_IRQHandler
                0x0000000008001f70                DMA2_Stream2_IRQHandler
                0x0000000008001f70                SPI1_IRQHandler
                0x0000000008001f70                TIM6_DAC_IRQHandler
                0x0000000008001f70                TIM1_BRK_TIM9_IRQHandler
                0x0000000008001f70                DCMI_IRQHandler
                0x0000000008001f70                CAN2_RX0_IRQHandler
                0x0000000008001f70                DMA2_Stream3_IRQHandler
                0x0000000008001f70                SAI2_IRQHandler
                0x0000000008001f70                USART6_IRQHandler
                0x0000000008001f70                USART3_IRQHandler
                0x0000000008001f70                CAN1_RX1_IRQHandler
                0x0000000008001f70                UART5_IRQHandler
                0x0000000008001f70                DMA2_Stream0_IRQHandler
                0x0000000008001f70                TIM4_IRQHandler
                0x0000000008001f70                QUADSPI_IRQHandler
                0x0000000008001f70                DMA1_Stream1_IRQHandler
                0x0000000008001f70                UART4_IRQHandler
                0x0000000008001f70                TIM3_IRQHandler
                0x0000000008001f70                RCC_IRQHandler
                0x0000000008001f70                TIM8_BRK_TIM12_IRQHandler
                0x0000000008001f70                Default_Handler
                0x0000000008001f70                CEC_IRQHandler
                0x0000000008001f70                EXTI15_10_IRQHandler
                0x0000000008001f70                ADC_IRQHandler
                0x0000000008001f70                DMA1_Stream7_IRQHandler
                0x0000000008001f70                TIM7_IRQHandler
                0x0000000008001f70                CAN2_TX_IRQHandler
                0x0000000008001f70                TIM5_IRQHandler
                0x0000000008001f70                DMA2_Stream7_IRQHandler
                0x0000000008001f70                I2C3_EV_IRQHandler
                0x0000000008001f70                EXTI9_5_IRQHandler
                0x0000000008001f70                RTC_WKUP_IRQHandler
                0x0000000008001f70                SPDIF_RX_IRQHandler
                0x0000000008001f70                OTG_HS_EP1_IN_IRQHandler
                0x0000000008001f70                CAN1_TX_IRQHandler
                0x0000000008001f70                FMPI2C1_ER_IRQHandler
                0x0000000008001f70                EXTI4_IRQHandler
                0x0000000008001f70                OTG_HS_EP1_OUT_IRQHandler
                0x0000000008001f70                WWDG_IRQHandler
                0x0000000008001f70                TIM2_IRQHandler
                0x0000000008001f70                OTG_FS_WKUP_IRQHandler
                0x0000000008001f70                TIM1_TRG_COM_TIM11_IRQHandler
                0x0000000008001f70                OTG_HS_IRQHandler
                0x0000000008001f70                EXTI1_IRQHandler
                0x0000000008001f70                USART2_IRQHandler
                0x0000000008001f70                I2C2_ER_IRQHandler
                0x0000000008001f70                DMA2_Stream1_IRQHandler
                0x0000000008001f70                CAN1_SCE_IRQHandler
                0x0000000008001f70                FLASH_IRQHandler
                0x0000000008001f70                DMA2_Stream4_IRQHandler
                0x0000000008001f70                USART1_IRQHandler
                0x0000000008001f70                OTG_FS_IRQHandler
                0x0000000008001f70                SPI3_IRQHandler
                0x0000000008001f70                DMA1_Stream4_IRQHandler
                0x0000000008001f70                I2C1_ER_IRQHandler
                0x0000000008001f70                FMC_IRQHandler
                0x0000000008001f70                DMA2_Stream6_IRQHandler
                0x0000000008001f70                SAI1_IRQHandler
                0x0000000008001f70                DMA1_Stream3_IRQHandler
 *fill*         0x0000000008001f72        0x2 
 .text.HAL_Init
                0x0000000008001f74       0x44 ./Drivers/STM32F4xx_HAL_Driver/Src/stm32f4xx_hal.o
                0x0000000008001f74                HAL_Init
 .text.HAL_InitTick
                0x0000000008001fb8       0x60 ./Drivers/STM32F4xx_HAL_Driver/Src/stm32f4xx_hal.o
                0x0000000008001fb8                HAL_InitTick
 .text.HAL_IncTick
                0x0000000008002018       0x28 ./Drivers/STM32F4xx_HAL_Driver/Src/stm32f4xx_hal.o
                0x0000000008002018                HAL_IncTick
 .text.HAL_GetTick
                0x0000000008002040       0x18 ./Drivers/STM32F4xx_HAL_Driver/Src/stm32f4xx_hal.o
                0x0000000008002040                HAL_GetTick
 .text.HAL_Delay
                0x0000000008002058       0x48 ./Drivers/STM32F4xx_HAL_Driver/Src/stm32f4xx_hal.o
                0x0000000008002058                HAL_Delay
 .text.__NVIC_SetPriorityGrouping
                0x00000000080020a0       0x48 ./Drivers/STM32F4xx_HAL_Driver/Src/stm32f4xx_hal_cortex.o
 .text.__NVIC_GetPriorityGrouping
                0x00000000080020e8       0x1c ./Drivers/STM32F4xx_HAL_Driver/Src/stm32f4xx_hal_cortex.o
 .text.__NVIC_EnableIRQ
                0x0000000008002104       0x3c ./Drivers/STM32F4xx_HAL_Driver/Src/stm32f4xx_hal_cortex.o
 .text.__NVIC_SetPriority
                0x0000000008002140       0x54 ./Drivers/STM32F4xx_HAL_Driver/Src/stm32f4xx_hal_cortex.o
 .text.NVIC_EncodePriority
                0x0000000008002194       0x66 ./Drivers/STM32F4xx_HAL_Driver/Src/stm32f4xx_hal_cortex.o
 *fill*         0x00000000080021fa        0x2 
 .text.SysTick_Config
                0x00000000080021fc       0x44 ./Drivers/STM32F4xx_HAL_Driver/Src/stm32f4xx_hal_cortex.o
 .text.HAL_NVIC_SetPriorityGrouping
                0x0000000008002240       0x16 ./Drivers/STM32F4xx_HAL_Driver/Src/stm32f4xx_hal_cortex.o
                0x0000000008002240                HAL_NVIC_SetPriorityGrouping
 .text.HAL_NVIC_SetPriority
                0x0000000008002256       0x38 ./Drivers/STM32F4xx_HAL_Driver/Src/stm32f4xx_hal_cortex.o
                0x0000000008002256                HAL_NVIC_SetPriority
 .text.HAL_NVIC_EnableIRQ
                0x000000000800228e       0x1c ./Drivers/STM32F4xx_HAL_Driver/Src/stm32f4xx_hal_cortex.o
                0x000000000800228e                HAL_NVIC_EnableIRQ
 .text.HAL_SYSTICK_Config
                0x00000000080022aa       0x18 ./Drivers/STM32F4xx_HAL_Driver/Src/stm32f4xx_hal_cortex.o
                0x00000000080022aa                HAL_SYSTICK_Config
 *fill*         0x00000000080022c2        0x2 
 .text.HAL_DMA_Init
                0x00000000080022c4      0x15c ./Drivers/STM32F4xx_HAL_Driver/Src/stm32f4xx_hal_dma.o
                0x00000000080022c4                HAL_DMA_Init
 .text.HAL_DMA_Abort_IT
                0x0000000008002420       0x44 ./Drivers/STM32F4xx_HAL_Driver/Src/stm32f4xx_hal_dma.o
                0x0000000008002420                HAL_DMA_Abort_IT
 .text.HAL_DMA_IRQHandler
                0x0000000008002464      0x314 ./Drivers/STM32F4xx_HAL_Driver/Src/stm32f4xx_hal_dma.o
                0x0000000008002464                HAL_DMA_IRQHandler
 .text.HAL_DMA_GetState
                0x0000000008002778       0x1c ./Drivers/STM32F4xx_HAL_Driver/Src/stm32f4xx_hal_dma.o
                0x0000000008002778                HAL_DMA_GetState
 .text.DMA_CalcBaseAndBitshift
                0x0000000008002794       0x6c ./Drivers/STM32F4xx_HAL_Driver/Src/stm32f4xx_hal_dma.o
 .text.DMA_CheckFifoParam
                0x0000000008002800       0xf8 ./Drivers/STM32F4xx_HAL_Driver/Src/stm32f4xx_hal_dma.o
 .text.HAL_GPIO_Init
                0x00000000080028f8      0x328 ./Drivers/STM32F4xx_HAL_Driver/Src/stm32f4xx_hal_gpio.o
                0x00000000080028f8                HAL_GPIO_Init
 .text.HAL_GPIO_WritePin
                0x0000000008002c20       0x32 ./Drivers/STM32F4xx_HAL_Driver/Src/stm32f4xx_hal_gpio.o
                0x0000000008002c20                HAL_GPIO_WritePin
 *fill*         0x0000000008002c52        0x2 
 .text.HAL_I2C_Init
                0x0000000008002c54      0x288 ./Drivers/STM32F4xx_HAL_Driver/Src/stm32f4xx_hal_i2c.o
                0x0000000008002c54                HAL_I2C_Init
 .text.HAL_I2C_Master_Transmit
                0x0000000008002edc      0x1fc ./Drivers/STM32F4xx_HAL_Driver/Src/stm32f4xx_hal_i2c.o
                0x0000000008002edc                HAL_I2C_Master_Transmit
 .text.HAL_I2C_Master_Receive
                0x00000000080030d8      0x44c ./Drivers/STM32F4xx_HAL_Driver/Src/stm32f4xx_hal_i2c.o
                0x00000000080030d8                HAL_I2C_Master_Receive
 .text.HAL_I2C_EV_IRQHandler
                0x0000000008003524      0x2a6 ./Drivers/STM32F4xx_HAL_Driver/Src/stm32f4xx_hal_i2c.o
                0x0000000008003524                HAL_I2C_EV_IRQHandler
 .text.HAL_I2C_MasterTxCpltCallback
                0x00000000080037ca       0x14 ./Drivers/STM32F4xx_HAL_Driver/Src/stm32f4xx_hal_i2c.o
                0x00000000080037ca                HAL_I2C_MasterTxCpltCallback
 .text.HAL_I2C_MasterRxCpltCallback
                0x00000000080037de       0x14 ./Drivers/STM32F4xx_HAL_Driver/Src/stm32f4xx_hal_i2c.o
                0x00000000080037de                HAL_I2C_MasterRxCpltCallback
 .text.HAL_I2C_SlaveTxCpltCallback
                0x00000000080037f2       0x14 ./Drivers/STM32F4xx_HAL_Driver/Src/stm32f4xx_hal_i2c.o
                0x00000000080037f2                HAL_I2C_SlaveTxCpltCallback
 .text.HAL_I2C_SlaveRxCpltCallback
                0x0000000008003806       0x14 ./Drivers/STM32F4xx_HAL_Driver/Src/stm32f4xx_hal_i2c.o
                0x0000000008003806                HAL_I2C_SlaveRxCpltCallback
 .text.HAL_I2C_AddrCallback
                0x000000000800381a       0x1c ./Drivers/STM32F4xx_HAL_Driver/Src/stm32f4xx_hal_i2c.o
                0x000000000800381a                HAL_I2C_AddrCallback
 .text.HAL_I2C_ListenCpltCallback
                0x0000000008003836       0x14 ./Drivers/STM32F4xx_HAL_Driver/Src/stm32f4xx_hal_i2c.o
                0x0000000008003836                HAL_I2C_ListenCpltCallback
 .text.HAL_I2C_MemTxCpltCallback
                0x000000000800384a       0x14 ./Drivers/STM32F4xx_HAL_Driver/Src/stm32f4xx_hal_i2c.o
                0x000000000800384a                HAL_I2C_MemTxCpltCallback
 .text.HAL_I2C_MemRxCpltCallback
                0x000000000800385e       0x14 ./Drivers/STM32F4xx_HAL_Driver/Src/stm32f4xx_hal_i2c.o
                0x000000000800385e                HAL_I2C_MemRxCpltCallback
 .text.HAL_I2C_ErrorCallback
                0x0000000008003872       0x14 ./Drivers/STM32F4xx_HAL_Driver/Src/stm32f4xx_hal_i2c.o
                0x0000000008003872                HAL_I2C_ErrorCallback
 .text.HAL_I2C_AbortCpltCallback
                0x0000000008003886       0x14 ./Drivers/STM32F4xx_HAL_Driver/Src/stm32f4xx_hal_i2c.o
                0x0000000008003886                HAL_I2C_AbortCpltCallback
 .text.I2C_MasterTransmit_TXE
                0x000000000800389a      0x138 ./Drivers/STM32F4xx_HAL_Driver/Src/stm32f4xx_hal_i2c.o
 .text.I2C_MasterTransmit_BTF
                0x00000000080039d2       0xec ./Drivers/STM32F4xx_HAL_Driver/Src/stm32f4xx_hal_i2c.o
 .text.I2C_MemoryTransmit_TXE_BTF
                0x0000000008003abe      0x128 ./Drivers/STM32F4xx_HAL_Driver/Src/stm32f4xx_hal_i2c.o
 .text.I2C_MasterReceive_RXNE
                0x0000000008003be6      0x176 ./Drivers/STM32F4xx_HAL_Driver/Src/stm32f4xx_hal_i2c.o
 .text.I2C_MasterReceive_BTF
                0x0000000008003d5c      0x1d4 ./Drivers/STM32F4xx_HAL_Driver/Src/stm32f4xx_hal_i2c.o
 .text.I2C_Master_SB
                0x0000000008003f30      0x10c ./Drivers/STM32F4xx_HAL_Driver/Src/stm32f4xx_hal_i2c.o
 .text.I2C_Master_ADD10
                0x000000000800403c       0x54 ./Drivers/STM32F4xx_HAL_Driver/Src/stm32f4xx_hal_i2c.o
 .text.I2C_Master_ADDR
                0x0000000008004090      0x322 ./Drivers/STM32F4xx_HAL_Driver/Src/stm32f4xx_hal_i2c.o
 .text.I2C_SlaveTransmit_TXE
                0x00000000080043b2       0x7a ./Drivers/STM32F4xx_HAL_Driver/Src/stm32f4xx_hal_i2c.o
 .text.I2C_SlaveTransmit_BTF
                0x000000000800442c       0x42 ./Drivers/STM32F4xx_HAL_Driver/Src/stm32f4xx_hal_i2c.o
 .text.I2C_SlaveReceive_RXNE
                0x000000000800446e       0x7c ./Drivers/STM32F4xx_HAL_Driver/Src/stm32f4xx_hal_i2c.o
 .text.I2C_SlaveReceive_BTF
                0x00000000080044ea       0x44 ./Drivers/STM32F4xx_HAL_Driver/Src/stm32f4xx_hal_i2c.o
 .text.I2C_Slave_ADDR
                0x000000000800452e       0x90 ./Drivers/STM32F4xx_HAL_Driver/Src/stm32f4xx_hal_i2c.o
 *fill*         0x00000000080045be        0x2 
 .text.I2C_Slave_STOPF
                0x00000000080045c0      0x260 ./Drivers/STM32F4xx_HAL_Driver/Src/stm32f4xx_hal_i2c.o
 .text.I2C_ITError
                0x0000000008004820      0x264 ./Drivers/STM32F4xx_HAL_Driver/Src/stm32f4xx_hal_i2c.o
 .text.I2C_MasterRequestWrite
                0x0000000008004a84      0x104 ./Drivers/STM32F4xx_HAL_Driver/Src/stm32f4xx_hal_i2c.o
 .text.I2C_MasterRequestRead
                0x0000000008004b88      0x19c ./Drivers/STM32F4xx_HAL_Driver/Src/stm32f4xx_hal_i2c.o
 .text.I2C_DMAAbort
                0x0000000008004d24      0x150 ./Drivers/STM32F4xx_HAL_Driver/Src/stm32f4xx_hal_i2c.o
 .text.I2C_WaitOnFlagUntilTimeout
                0x0000000008004e74       0xae ./Drivers/STM32F4xx_HAL_Driver/Src/stm32f4xx_hal_i2c.o
 .text.I2C_WaitOnMasterAddressFlagUntilTimeout
                0x0000000008004f22       0xfe ./Drivers/STM32F4xx_HAL_Driver/Src/stm32f4xx_hal_i2c.o
 .text.I2C_WaitOnTXEFlagUntilTimeout
                0x0000000008005020       0x82 ./Drivers/STM32F4xx_HAL_Driver/Src/stm32f4xx_hal_i2c.o
 .text.I2C_WaitOnBTFFlagUntilTimeout
                0x00000000080050a2       0x82 ./Drivers/STM32F4xx_HAL_Driver/Src/stm32f4xx_hal_i2c.o
 .text.I2C_WaitOnSTOPRequestThroughIT
                0x0000000008005124       0x64 ./Drivers/STM32F4xx_HAL_Driver/Src/stm32f4xx_hal_i2c.o
 .text.I2C_WaitOnRXNEFlagUntilTimeout
                0x0000000008005188       0xac ./Drivers/STM32F4xx_HAL_Driver/Src/stm32f4xx_hal_i2c.o
 .text.I2C_IsAcknowledgeFailed
                0x0000000008005234       0x5e ./Drivers/STM32F4xx_HAL_Driver/Src/stm32f4xx_hal_i2c.o
 .text.I2C_ConvertOtherXferOptions
                0x0000000008005292       0x36 ./Drivers/STM32F4xx_HAL_Driver/Src/stm32f4xx_hal_i2c.o
 .text.HAL_RCC_ClockConfig
                0x00000000080052c8      0x1cc ./Drivers/STM32F4xx_HAL_Driver/Src/stm32f4xx_hal_rcc.o
                0x00000000080052c8                HAL_RCC_ClockConfig
 .text.HAL_RCC_GetHCLKFreq
                0x0000000008005494       0x18 ./Drivers/STM32F4xx_HAL_Driver/Src/stm32f4xx_hal_rcc.o
                0x0000000008005494                HAL_RCC_GetHCLKFreq
 .text.HAL_RCC_GetPCLK1Freq
                0x00000000080054ac       0x28 ./Drivers/STM32F4xx_HAL_Driver/Src/stm32f4xx_hal_rcc.o
                0x00000000080054ac                HAL_RCC_GetPCLK1Freq
 .text.HAL_RCC_GetPCLK2Freq
                0x00000000080054d4       0x28 ./Drivers/STM32F4xx_HAL_Driver/Src/stm32f4xx_hal_rcc.o
                0x00000000080054d4                HAL_RCC_GetPCLK2Freq
 .text.HAL_RCC_GetSysClockFreq
                0x00000000080054fc      0x460 ./Drivers/STM32F4xx_HAL_Driver/Src/stm32f4xx_hal_rcc_ex.o
                0x00000000080054fc                HAL_RCC_GetSysClockFreq
 .text.HAL_RCC_OscConfig
                0x000000000800595c      0x53c ./Drivers/STM32F4xx_HAL_Driver/Src/stm32f4xx_hal_rcc_ex.o
                0x000000000800595c                HAL_RCC_OscConfig
 .text.HAL_SPI_Init
                0x0000000008005e98      0x112 ./Drivers/STM32F4xx_HAL_Driver/Src/stm32f4xx_hal_spi.o
                0x0000000008005e98                HAL_SPI_Init
 .text.HAL_SPI_Transmit
                0x0000000008005faa      0x278 ./Drivers/STM32F4xx_HAL_Driver/Src/stm32f4xx_hal_spi.o
                0x0000000008005faa                HAL_SPI_Transmit
 .text.HAL_SPI_Receive
                0x0000000008006222      0x222 ./Drivers/STM32F4xx_HAL_Driver/Src/stm32f4xx_hal_spi.o
                0x0000000008006222                HAL_SPI_Receive
 .text.HAL_SPI_TransmitReceive
                0x0000000008006444      0x344 ./Drivers/STM32F4xx_HAL_Driver/Src/stm32f4xx_hal_spi.o
                0x0000000008006444                HAL_SPI_TransmitReceive
 .text.HAL_SPI_IRQHandler
                0x0000000008006788      0x1e8 ./Drivers/STM32F4xx_HAL_Driver/Src/stm32f4xx_hal_spi.o
                0x0000000008006788                HAL_SPI_IRQHandler
 .text.HAL_SPI_ErrorCallback
                0x0000000008006970       0x14 ./Drivers/STM32F4xx_HAL_Driver/Src/stm32f4xx_hal_spi.o
                0x0000000008006970                HAL_SPI_ErrorCallback
 .text.SPI_DMAAbortOnError
                0x0000000008006984       0x28 ./Drivers/STM32F4xx_HAL_Driver/Src/stm32f4xx_hal_spi.o
 .text.SPI_WaitFlagStateUntilTimeout
                0x00000000080069ac      0x110 ./Drivers/STM32F4xx_HAL_Driver/Src/stm32f4xx_hal_spi.o
 .text.SPI_EndRxTransaction
                0x0000000008006abc       0xca ./Drivers/STM32F4xx_HAL_Driver/Src/stm32f4xx_hal_spi.o
 *fill*         0x0000000008006b86        0x2 
 .text.SPI_EndRxTxTransaction
                0x0000000008006b88       0x84 ./Drivers/STM32F4xx_HAL_Driver/Src/stm32f4xx_hal_spi.o
 .text.HAL_UART_Init
                0x0000000008006c0c       0x9a ./Drivers/STM32F4xx_HAL_Driver/Src/stm32f4xx_hal_uart.o
                0x0000000008006c0c                HAL_UART_Init
 .text.HAL_UART_Transmit
                0x0000000008006ca6      0x124 ./Drivers/STM32F4xx_HAL_Driver/Src/stm32f4xx_hal_uart.o
                0x0000000008006ca6                HAL_UART_Transmit
 .text.HAL_UART_Receive
                0x0000000008006dca      0x144 ./Drivers/STM32F4xx_HAL_Driver/Src/stm32f4xx_hal_uart.o
                0x0000000008006dca                HAL_UART_Receive
 .text.UART_WaitOnFlagUntilTimeout
                0x0000000008006f0e       0xdc ./Drivers/STM32F4xx_HAL_Driver/Src/stm32f4xx_hal_uart.o
 *fill*         0x0000000008006fea        0x2 
 .text.UART_SetConfig
                0x0000000008006fec      0x4e8 ./Drivers/STM32F4xx_HAL_Driver/Src/stm32f4xx_hal_uart.o
 .text.memset   0x00000000080074d4       0x10 C:/ST/STM32CubeIDE_1.12.0/STM32CubeIDE/plugins/com.st.stm32cube.ide.mcu.externaltools.gnu-tools-for-stm32.11.3.rel1.win32_1.1.0.202305231506/tools/bin/../lib/gcc/arm-none-eabi/11.3.1/../../../../arm-none-eabi/lib/thumb/v7e-m+fp/hard\libc_nano.a(libc_a-memset.o)
                0x00000000080074d4                memset
 .text.__libc_init_array
                0x00000000080074e4       0x48 C:/ST/STM32CubeIDE_1.12.0/STM32CubeIDE/plugins/com.st.stm32cube.ide.mcu.externaltools.gnu-tools-for-stm32.11.3.rel1.win32_1.1.0.202305231506/tools/bin/../lib/gcc/arm-none-eabi/11.3.1/../../../../arm-none-eabi/lib/thumb/v7e-m+fp/hard\libc_nano.a(libc_a-init.o)
                0x00000000080074e4                __libc_init_array
 *(.glue_7)
 .glue_7        0x000000000800752c        0x0 linker stubs
 *(.glue_7t)
 .glue_7t       0x000000000800752c        0x0 linker stubs
 *(.eh_frame)
 .eh_frame      0x000000000800752c        0x0 C:/ST/STM32CubeIDE_1.12.0/STM32CubeIDE/plugins/com.st.stm32cube.ide.mcu.externaltools.gnu-tools-for-stm32.11.3.rel1.win32_1.1.0.202305231506/tools/bin/../lib/gcc/arm-none-eabi/11.3.1/thumb/v7e-m+fp/hard/crtbegin.o
 *(.init)
 .init          0x000000000800752c        0x4 C:/ST/STM32CubeIDE_1.12.0/STM32CubeIDE/plugins/com.st.stm32cube.ide.mcu.externaltools.gnu-tools-for-stm32.11.3.rel1.win32_1.1.0.202305231506/tools/bin/../lib/gcc/arm-none-eabi/11.3.1/thumb/v7e-m+fp/hard/crti.o
                0x000000000800752c                _init
 .init          0x0000000008007530        0x8 C:/ST/STM32CubeIDE_1.12.0/STM32CubeIDE/plugins/com.st.stm32cube.ide.mcu.externaltools.gnu-tools-for-stm32.11.3.rel1.win32_1.1.0.202305231506/tools/bin/../lib/gcc/arm-none-eabi/11.3.1/thumb/v7e-m+fp/hard/crtn.o
 *(.fini)
 .fini          0x0000000008007538        0x4 C:/ST/STM32CubeIDE_1.12.0/STM32CubeIDE/plugins/com.st.stm32cube.ide.mcu.externaltools.gnu-tools-for-stm32.11.3.rel1.win32_1.1.0.202305231506/tools/bin/../lib/gcc/arm-none-eabi/11.3.1/thumb/v7e-m+fp/hard/crti.o
                0x0000000008007538                _fini
 .fini          0x000000000800753c        0x8 C:/ST/STM32CubeIDE_1.12.0/STM32CubeIDE/plugins/com.st.stm32cube.ide.mcu.externaltools.gnu-tools-for-stm32.11.3.rel1.win32_1.1.0.202305231506/tools/bin/../lib/gcc/arm-none-eabi/11.3.1/thumb/v7e-m+fp/hard/crtn.o
                0x0000000008007544                . = ALIGN (0x4)
                0x0000000008007544                _etext = .

.vfp11_veneer   0x0000000008007544        0x0
 .vfp11_veneer  0x0000000008007544        0x0 linker stubs

.v4_bx          0x0000000008007544        0x0
 .v4_bx         0x0000000008007544        0x0 linker stubs

.iplt           0x0000000008007544        0x0
 .iplt          0x0000000008007544        0x0 C:/ST/STM32CubeIDE_1.12.0/STM32CubeIDE/plugins/com.st.stm32cube.ide.mcu.externaltools.gnu-tools-for-stm32.11.3.rel1.win32_1.1.0.202305231506/tools/bin/../lib/gcc/arm-none-eabi/11.3.1/thumb/v7e-m+fp/hard/crtbegin.o

.rodata         0x0000000008007544      0x4d4
                0x0000000008007544                . = ALIGN (0x4)
 *(.rodata)
 .rodata        0x0000000008007544      0x3ad ./Core/Src/Dashboard.o
 *fill*         0x00000000080078f1        0x3 
 .rodata        0x00000000080078f4      0x103 ./Core/Src/main.o
 *(.rodata*)
 *fill*         0x00000000080079f7        0x1 
 .rodata.AHBPrescTable
                0x00000000080079f8       0x10 ./Core/Src/system_stm32f4xx.o
                0x00000000080079f8                AHBPrescTable
 .rodata.APBPrescTable
                0x0000000008007a08        0x8 ./Core/Src/system_stm32f4xx.o
                0x0000000008007a08                APBPrescTable
 .rodata.flagBitshiftOffset.0
                0x0000000008007a10        0x8 ./Drivers/STM32F4xx_HAL_Driver/Src/stm32f4xx_hal_dma.o
                0x0000000008007a18                . = ALIGN (0x4)

.ARM.extab      0x0000000008007a18        0x0
                0x0000000008007a18                . = ALIGN (0x4)
 *(.ARM.extab* .gnu.linkonce.armextab.*)
                0x0000000008007a18                . = ALIGN (0x4)

.ARM            0x0000000008007a18        0x8
                0x0000000008007a18                . = ALIGN (0x4)
                0x0000000008007a18                __exidx_start = .
 *(.ARM.exidx*)
 .ARM.exidx     0x0000000008007a18        0x8 C:/ST/STM32CubeIDE_1.12.0/STM32CubeIDE/plugins/com.st.stm32cube.ide.mcu.externaltools.gnu-tools-for-stm32.11.3.rel1.win32_1.1.0.202305231506/tools/bin/../lib/gcc/arm-none-eabi/11.3.1/thumb/v7e-m+fp/hard\libgcc.a(_udivmoddi4.o)
                0x0000000008007a20                __exidx_end = .
                0x0000000008007a20                . = ALIGN (0x4)

.rel.dyn        0x0000000008007a20        0x0
 .rel.iplt      0x0000000008007a20        0x0 C:/ST/STM32CubeIDE_1.12.0/STM32CubeIDE/plugins/com.st.stm32cube.ide.mcu.externaltools.gnu-tools-for-stm32.11.3.rel1.win32_1.1.0.202305231506/tools/bin/../lib/gcc/arm-none-eabi/11.3.1/thumb/v7e-m+fp/hard/crtbegin.o

.preinit_array  0x0000000008007a20        0x0
                0x0000000008007a20                . = ALIGN (0x4)
                0x0000000008007a20                PROVIDE (__preinit_array_start = .)
 *(.preinit_array*)
                0x0000000008007a20                PROVIDE (__preinit_array_end = .)
                0x0000000008007a20                . = ALIGN (0x4)

.init_array     0x0000000008007a20        0x4
                0x0000000008007a20                . = ALIGN (0x4)
                0x0000000008007a20                PROVIDE (__init_array_start = .)
 *(SORT_BY_NAME(.init_array.*))
 *(.init_array*)
 .init_array    0x0000000008007a20        0x4 C:/ST/STM32CubeIDE_1.12.0/STM32CubeIDE/plugins/com.st.stm32cube.ide.mcu.externaltools.gnu-tools-for-stm32.11.3.rel1.win32_1.1.0.202305231506/tools/bin/../lib/gcc/arm-none-eabi/11.3.1/thumb/v7e-m+fp/hard/crtbegin.o
                0x0000000008007a24                PROVIDE (__init_array_end = .)
                0x0000000008007a24                . = ALIGN (0x4)

.fini_array     0x0000000008007a24        0x4
                0x0000000008007a24                . = ALIGN (0x4)
                [!provide]                        PROVIDE (__fini_array_start = .)
 *(SORT_BY_NAME(.fini_array.*))
 *(.fini_array*)
 .fini_array    0x0000000008007a24        0x4 C:/ST/STM32CubeIDE_1.12.0/STM32CubeIDE/plugins/com.st.stm32cube.ide.mcu.externaltools.gnu-tools-for-stm32.11.3.rel1.win32_1.1.0.202305231506/tools/bin/../lib/gcc/arm-none-eabi/11.3.1/thumb/v7e-m+fp/hard/crtbegin.o
                [!provide]                        PROVIDE (__fini_array_end = .)
                0x0000000008007a28                . = ALIGN (0x4)
                0x0000000008007a28                _sidata = LOADADDR (.data)

.data           0x0000000020000000       0x18 load address 0x0000000008007a28
                0x0000000020000000                . = ALIGN (0x4)
                0x0000000020000000                _sdata = .
 *(.data)
 *(.data*)
 .data.MaxBufferSize
                0x0000000020000000        0x1 ./Core/Src/ComMgr.o
 *fill*         0x0000000020000001        0x3 
 .data.UserName
                0x0000000020000004        0x4 ./Core/Src/main.o
                0x0000000020000004                UserName
 .data.Password
                0x0000000020000008        0x4 ./Core/Src/main.o
                0x0000000020000008                Password
 .data.SystemCoreClock
                0x000000002000000c        0x4 ./Core/Src/system_stm32f4xx.o
                0x000000002000000c                SystemCoreClock
 .data.uwTickPrio
                0x0000000020000010        0x4 ./Drivers/STM32F4xx_HAL_Driver/Src/stm32f4xx_hal.o
                0x0000000020000010                uwTickPrio
 .data.uwTickFreq
                0x0000000020000014        0x1 ./Drivers/STM32F4xx_HAL_Driver/Src/stm32f4xx_hal.o
                0x0000000020000014                uwTickFreq
 *(.RamFunc)
 *(.RamFunc*)
                0x0000000020000018                . = ALIGN (0x4)
 *fill*         0x0000000020000015        0x3 
                0x0000000020000018                _edata = .

.igot.plt       0x0000000020000018        0x0 load address 0x0000000008007a40
 .igot.plt      0x0000000020000018        0x0 C:/ST/STM32CubeIDE_1.12.0/STM32CubeIDE/plugins/com.st.stm32cube.ide.mcu.externaltools.gnu-tools-for-stm32.11.3.rel1.win32_1.1.0.202305231506/tools/bin/../lib/gcc/arm-none-eabi/11.3.1/thumb/v7e-m+fp/hard/crtbegin.o
                0x0000000020000018                . = ALIGN (0x4)

.bss            0x0000000020000018      0x214 load address 0x0000000008007a40
                0x0000000020000018                _sbss = .
                0x0000000020000018                __bss_start__ = _sbss
 *(.bss)
 .bss           0x0000000020000018       0x1c C:/ST/STM32CubeIDE_1.12.0/STM32CubeIDE/plugins/com.st.stm32cube.ide.mcu.externaltools.gnu-tools-for-stm32.11.3.rel1.win32_1.1.0.202305231506/tools/bin/../lib/gcc/arm-none-eabi/11.3.1/thumb/v7e-m+fp/hard/crtbegin.o
 *(.bss*)
 .bss.buf       0x0000000020000034        0x1 ./Core/Src/DS1307_prog.o
 *fill*         0x0000000020000035        0x3 
 .bss.AlarmsTime
                0x0000000020000038       0x14 ./Core/Src/Dashboard.o
 .bss.AlarmsDate
                0x000000002000004c       0x14 ./Core/Src/Dashboard.o
 .bss.AlarmNumber
                0x0000000020000060        0x1 ./Core/Src/Dashboard.o
                0x0000000020000060                AlarmNumber
 *fill*         0x0000000020000061        0x3 
 .bss.AlarmsMessege
                0x0000000020000064       0x14 ./Core/Src/Dashboard.o
                0x0000000020000064                AlarmsMessege
 .bss.hi2c1     0x0000000020000078       0x54 ./Core/Src/main.o
                0x0000000020000078                hi2c1
 .bss.hdma_i2c1_rx
                0x00000000200000cc       0x60 ./Core/Src/main.o
                0x00000000200000cc                hdma_i2c1_rx
 .bss.hdma_i2c1_tx
                0x000000002000012c       0x60 ./Core/Src/main.o
                0x000000002000012c                hdma_i2c1_tx
 .bss.hspi2     0x000000002000018c       0x58 ./Core/Src/main.o
                0x000000002000018c                hspi2
 .bss.huart2    0x00000000200001e4       0x44 ./Core/Src/main.o
                0x00000000200001e4                huart2
 .bss.uwTick    0x0000000020000228        0x4 ./Drivers/STM32F4xx_HAL_Driver/Src/stm32f4xx_hal.o
                0x0000000020000228                uwTick
 *(COMMON)
                0x000000002000022c                . = ALIGN (0x4)
                0x000000002000022c                _ebss = .
                0x000000002000022c                __bss_end__ = _ebss

._user_heap_stack
                0x000000002000022c      0x604 load address 0x0000000008007a40
                0x0000000020000230                . = ALIGN (0x8)
 *fill*         0x000000002000022c        0x4 
                [!provide]                        PROVIDE (end = .)
                0x0000000020000230                PROVIDE (_end = .)
                0x0000000020000430                . = (. + _Min_Heap_Size)
 *fill*         0x0000000020000230      0x200 
                0x0000000020000830                . = (. + _Min_Stack_Size)
 *fill*         0x0000000020000430      0x400 
                0x0000000020000830                . = ALIGN (0x8)

/DISCARD/
 libc.a(*)
 libm.a(*)
 libgcc.a(*)

.ARM.attributes
                0x0000000000000000       0x30
 *(.ARM.attributes)
 .ARM.attributes
                0x0000000000000000       0x1e C:/ST/STM32CubeIDE_1.12.0/STM32CubeIDE/plugins/com.st.stm32cube.ide.mcu.externaltools.gnu-tools-for-stm32.11.3.rel1.win32_1.1.0.202305231506/tools/bin/../lib/gcc/arm-none-eabi/11.3.1/thumb/v7e-m+fp/hard/crti.o
 .ARM.attributes
                0x000000000000001e       0x34 C:/ST/STM32CubeIDE_1.12.0/STM32CubeIDE/plugins/com.st.stm32cube.ide.mcu.externaltools.gnu-tools-for-stm32.11.3.rel1.win32_1.1.0.202305231506/tools/bin/../lib/gcc/arm-none-eabi/11.3.1/thumb/v7e-m+fp/hard/crtbegin.o
 .ARM.attributes
                0x0000000000000052       0x34 ./Core/Src/ComMgr.o
 .ARM.attributes
                0x0000000000000086       0x34 ./Core/Src/DS1307_prog.o
 .ARM.attributes
                0x00000000000000ba       0x34 ./Core/Src/Dashboard.o
 .ARM.attributes
                0x00000000000000ee       0x34 ./Core/Src/StringLib.o
 .ARM.attributes
                0x0000000000000122       0x34 ./Core/Src/main.o
 .ARM.attributes
                0x0000000000000156       0x34 ./Core/Src/stm32f4xx_hal_msp.o
 .ARM.attributes
                0x000000000000018a       0x34 ./Core/Src/stm32f4xx_it.o
 .ARM.attributes
                0x00000000000001be       0x34 ./Core/Src/system_stm32f4xx.o
 .ARM.attributes
                0x00000000000001f2       0x21 ./Core/Startup/startup_stm32f446retx.o
 .ARM.attributes
                0x0000000000000213       0x34 ./Drivers/STM32F4xx_HAL_Driver/Src/stm32f4xx_hal.o
 .ARM.attributes
                0x0000000000000247       0x34 ./Drivers/STM32F4xx_HAL_Driver/Src/stm32f4xx_hal_cortex.o
 .ARM.attributes
                0x000000000000027b       0x34 ./Drivers/STM32F4xx_HAL_Driver/Src/stm32f4xx_hal_dma.o
 .ARM.attributes
                0x00000000000002af       0x34 ./Drivers/STM32F4xx_HAL_Driver/Src/stm32f4xx_hal_gpio.o
 .ARM.attributes
                0x00000000000002e3       0x34 ./Drivers/STM32F4xx_HAL_Driver/Src/stm32f4xx_hal_i2c.o
 .ARM.attributes
                0x0000000000000317       0x34 ./Drivers/STM32F4xx_HAL_Driver/Src/stm32f4xx_hal_rcc.o
 .ARM.attributes
                0x000000000000034b       0x34 ./Drivers/STM32F4xx_HAL_Driver/Src/stm32f4xx_hal_rcc_ex.o
 .ARM.attributes
                0x000000000000037f       0x34 ./Drivers/STM32F4xx_HAL_Driver/Src/stm32f4xx_hal_spi.o
 .ARM.attributes
                0x00000000000003b3       0x34 ./Drivers/STM32F4xx_HAL_Driver/Src/stm32f4xx_hal_uart.o
 .ARM.attributes
                0x00000000000003e7       0x34 C:/ST/STM32CubeIDE_1.12.0/STM32CubeIDE/plugins/com.st.stm32cube.ide.mcu.externaltools.gnu-tools-for-stm32.11.3.rel1.win32_1.1.0.202305231506/tools/bin/../lib/gcc/arm-none-eabi/11.3.1/../../../../arm-none-eabi/lib/thumb/v7e-m+fp/hard\libc_nano.a(libc_a-memset.o)
 .ARM.attributes
                0x000000000000041b       0x34 C:/ST/STM32CubeIDE_1.12.0/STM32CubeIDE/plugins/com.st.stm32cube.ide.mcu.externaltools.gnu-tools-for-stm32.11.3.rel1.win32_1.1.0.202305231506/tools/bin/../lib/gcc/arm-none-eabi/11.3.1/../../../../arm-none-eabi/lib/thumb/v7e-m+fp/hard\libc_nano.a(libc_a-init.o)
 .ARM.attributes
                0x000000000000044f       0x1e C:/ST/STM32CubeIDE_1.12.0/STM32CubeIDE/plugins/com.st.stm32cube.ide.mcu.externaltools.gnu-tools-for-stm32.11.3.rel1.win32_1.1.0.202305231506/tools/bin/../lib/gcc/arm-none-eabi/11.3.1/thumb/v7e-m+fp/hard\libgcc.a(_aeabi_uldivmod.o)
 .ARM.attributes
                0x000000000000046d       0x34 C:/ST/STM32CubeIDE_1.12.0/STM32CubeIDE/plugins/com.st.stm32cube.ide.mcu.externaltools.gnu-tools-for-stm32.11.3.rel1.win32_1.1.0.202305231506/tools/bin/../lib/gcc/arm-none-eabi/11.3.1/thumb/v7e-m+fp/hard\libgcc.a(_udivmoddi4.o)
 .ARM.attributes
                0x00000000000004a1       0x1e C:/ST/STM32CubeIDE_1.12.0/STM32CubeIDE/plugins/com.st.stm32cube.ide.mcu.externaltools.gnu-tools-for-stm32.11.3.rel1.win32_1.1.0.202305231506/tools/bin/../lib/gcc/arm-none-eabi/11.3.1/thumb/v7e-m+fp/hard\libgcc.a(_dvmd_tls.o)
 .ARM.attributes
                0x00000000000004bf       0x1e C:/ST/STM32CubeIDE_1.12.0/STM32CubeIDE/plugins/com.st.stm32cube.ide.mcu.externaltools.gnu-tools-for-stm32.11.3.rel1.win32_1.1.0.202305231506/tools/bin/../lib/gcc/arm-none-eabi/11.3.1/thumb/v7e-m+fp/hard/crtn.o
OUTPUT(STLib_MegaProject1_F446.elf elf32-littlearm)
LOAD linker stubs
LOAD C:/ST/STM32CubeIDE_1.12.0/STM32CubeIDE/plugins/com.st.stm32cube.ide.mcu.externaltools.gnu-tools-for-stm32.11.3.rel1.win32_1.1.0.202305231506/tools/bin/../lib/gcc/arm-none-eabi/11.3.1/../../../../arm-none-eabi/lib/thumb/v7e-m+fp/hard\libc.a
LOAD C:/ST/STM32CubeIDE_1.12.0/STM32CubeIDE/plugins/com.st.stm32cube.ide.mcu.externaltools.gnu-tools-for-stm32.11.3.rel1.win32_1.1.0.202305231506/tools/bin/../lib/gcc/arm-none-eabi/11.3.1/../../../../arm-none-eabi/lib/thumb/v7e-m+fp/hard\libm.a
LOAD C:/ST/STM32CubeIDE_1.12.0/STM32CubeIDE/plugins/com.st.stm32cube.ide.mcu.externaltools.gnu-tools-for-stm32.11.3.rel1.win32_1.1.0.202305231506/tools/bin/../lib/gcc/arm-none-eabi/11.3.1/thumb/v7e-m+fp/hard\libgcc.a

.comment        0x0000000000000000       0x43
 .comment       0x0000000000000000       0x43 C:/ST/STM32CubeIDE_1.12.0/STM32CubeIDE/plugins/com.st.stm32cube.ide.mcu.externaltools.gnu-tools-for-stm32.11.3.rel1.win32_1.1.0.202305231506/tools/bin/../lib/gcc/arm-none-eabi/11.3.1/thumb/v7e-m+fp/hard/crtbegin.o
                                         0x44 (size before relaxing)
 .comment       0x0000000000000043       0x44 ./Core/Src/ComMgr.o
 .comment       0x0000000000000043       0x44 ./Core/Src/DS1307_prog.o
 .comment       0x0000000000000043       0x44 ./Core/Src/Dashboard.o
 .comment       0x0000000000000043       0x44 ./Core/Src/StringLib.o
 .comment       0x0000000000000043       0x44 ./Core/Src/main.o
 .comment       0x0000000000000043       0x44 ./Core/Src/stm32f4xx_hal_msp.o
 .comment       0x0000000000000043       0x44 ./Core/Src/stm32f4xx_it.o
 .comment       0x0000000000000043       0x44 ./Core/Src/system_stm32f4xx.o
 .comment       0x0000000000000043       0x44 ./Drivers/STM32F4xx_HAL_Driver/Src/stm32f4xx_hal.o
 .comment       0x0000000000000043       0x44 ./Drivers/STM32F4xx_HAL_Driver/Src/stm32f4xx_hal_cortex.o
 .comment       0x0000000000000043       0x44 ./Drivers/STM32F4xx_HAL_Driver/Src/stm32f4xx_hal_dma.o
 .comment       0x0000000000000043       0x44 ./Drivers/STM32F4xx_HAL_Driver/Src/stm32f4xx_hal_gpio.o
 .comment       0x0000000000000043       0x44 ./Drivers/STM32F4xx_HAL_Driver/Src/stm32f4xx_hal_i2c.o
 .comment       0x0000000000000043       0x44 ./Drivers/STM32F4xx_HAL_Driver/Src/stm32f4xx_hal_rcc.o
 .comment       0x0000000000000043       0x44 ./Drivers/STM32F4xx_HAL_Driver/Src/stm32f4xx_hal_rcc_ex.o
 .comment       0x0000000000000043       0x44 ./Drivers/STM32F4xx_HAL_Driver/Src/stm32f4xx_hal_spi.o
 .comment       0x0000000000000043       0x44 ./Drivers/STM32F4xx_HAL_Driver/Src/stm32f4xx_hal_uart.o

.debug_info     0x0000000000000000     0xf93d
 .debug_info    0x0000000000000000      0xa75 ./Core/Src/ComMgr.o
 .debug_info    0x0000000000000a75      0x998 ./Core/Src/DS1307_prog.o
 .debug_info    0x000000000000140d      0x66e ./Core/Src/Dashboard.o
 .debug_info    0x0000000000001a7b      0x189 ./Core/Src/StringLib.o
 .debug_info    0x0000000000001c04     0x1942 ./Core/Src/main.o
 .debug_info    0x0000000000003546     0x1248 ./Core/Src/stm32f4xx_hal_msp.o
 .debug_info    0x000000000000478e      0x96b ./Core/Src/stm32f4xx_it.o
 .debug_info    0x00000000000050f9      0x54a ./Core/Src/system_stm32f4xx.o
 .debug_info    0x0000000000005643       0x23 ./Core/Startup/startup_stm32f446retx.o
 .debug_info    0x0000000000005666      0x99e ./Drivers/STM32F4xx_HAL_Driver/Src/stm32f4xx_hal.o
 .debug_info    0x0000000000006004      0xd64 ./Drivers/STM32F4xx_HAL_Driver/Src/stm32f4xx_hal_cortex.o
 .debug_info    0x0000000000006d68      0x8e7 ./Drivers/STM32F4xx_HAL_Driver/Src/stm32f4xx_hal_dma.o
 .debug_info    0x000000000000764f      0x70b ./Drivers/STM32F4xx_HAL_Driver/Src/stm32f4xx_hal_gpio.o
 .debug_info    0x0000000000007d5a     0x23ed ./Drivers/STM32F4xx_HAL_Driver/Src/stm32f4xx_hal_i2c.o
 .debug_info    0x000000000000a147      0x8ed ./Drivers/STM32F4xx_HAL_Driver/Src/stm32f4xx_hal_rcc.o
 .debug_info    0x000000000000aa34      0x956 ./Drivers/STM32F4xx_HAL_Driver/Src/stm32f4xx_hal_rcc_ex.o
 .debug_info    0x000000000000b38a     0x15fb ./Drivers/STM32F4xx_HAL_Driver/Src/stm32f4xx_hal_spi.o
 .debug_info    0x000000000000c985     0x2fb8 ./Drivers/STM32F4xx_HAL_Driver/Src/stm32f4xx_hal_uart.o

.debug_abbrev   0x0000000000000000     0x2538
 .debug_abbrev  0x0000000000000000      0x1f3 ./Core/Src/ComMgr.o
 .debug_abbrev  0x00000000000001f3      0x1e4 ./Core/Src/DS1307_prog.o
 .debug_abbrev  0x00000000000003d7      0x1be ./Core/Src/Dashboard.o
 .debug_abbrev  0x0000000000000595       0xc4 ./Core/Src/StringLib.o
 .debug_abbrev  0x0000000000000659      0x372 ./Core/Src/main.o
 .debug_abbrev  0x00000000000009cb      0x24f ./Core/Src/stm32f4xx_hal_msp.o
 .debug_abbrev  0x0000000000000c1a      0x181 ./Core/Src/stm32f4xx_it.o
 .debug_abbrev  0x0000000000000d9b      0x11a ./Core/Src/system_stm32f4xx.o
 .debug_abbrev  0x0000000000000eb5       0x12 ./Core/Startup/startup_stm32f446retx.o
 .debug_abbrev  0x0000000000000ec7      0x213 ./Drivers/STM32F4xx_HAL_Driver/Src/stm32f4xx_hal.o
 .debug_abbrev  0x00000000000010da      0x327 ./Drivers/STM32F4xx_HAL_Driver/Src/stm32f4xx_hal_cortex.o
 .debug_abbrev  0x0000000000001401      0x264 ./Drivers/STM32F4xx_HAL_Driver/Src/stm32f4xx_hal_dma.o
 .debug_abbrev  0x0000000000001665      0x1d4 ./Drivers/STM32F4xx_HAL_Driver/Src/stm32f4xx_hal_gpio.o
 .debug_abbrev  0x0000000000001839      0x2ad ./Drivers/STM32F4xx_HAL_Driver/Src/stm32f4xx_hal_i2c.o
 .debug_abbrev  0x0000000000001ae6      0x2b6 ./Drivers/STM32F4xx_HAL_Driver/Src/stm32f4xx_hal_rcc.o
 .debug_abbrev  0x0000000000001d9c      0x20a ./Drivers/STM32F4xx_HAL_Driver/Src/stm32f4xx_hal_rcc_ex.o
 .debug_abbrev  0x0000000000001fa6      0x284 ./Drivers/STM32F4xx_HAL_Driver/Src/stm32f4xx_hal_spi.o
 .debug_abbrev  0x000000000000222a      0x30e ./Drivers/STM32F4xx_HAL_Driver/Src/stm32f4xx_hal_uart.o

.debug_aranges  0x0000000000000000      0xd48
 .debug_aranges
                0x0000000000000000       0x40 ./Core/Src/ComMgr.o
 .debug_aranges
                0x0000000000000040       0x70 ./Core/Src/DS1307_prog.o
 .debug_aranges
                0x00000000000000b0       0x78 ./Core/Src/Dashboard.o
 .debug_aranges
                0x0000000000000128       0x38 ./Core/Src/StringLib.o
 .debug_aranges
                0x0000000000000160       0x68 ./Core/Src/main.o
 .debug_aranges
                0x00000000000001c8       0x50 ./Core/Src/stm32f4xx_hal_msp.o
 .debug_aranges
                0x0000000000000218       0x80 ./Core/Src/stm32f4xx_it.o
 .debug_aranges
                0x0000000000000298       0x28 ./Core/Src/system_stm32f4xx.o
 .debug_aranges
                0x00000000000002c0       0x28 ./Core/Startup/startup_stm32f446retx.o
 .debug_aranges
                0x00000000000002e8       0xf0 ./Drivers/STM32F4xx_HAL_Driver/Src/stm32f4xx_hal.o
 .debug_aranges
                0x00000000000003d8      0x118 ./Drivers/STM32F4xx_HAL_Driver/Src/stm32f4xx_hal_cortex.o
 .debug_aranges
                0x00000000000004f0       0x90 ./Drivers/STM32F4xx_HAL_Driver/Src/stm32f4xx_hal_dma.o
 .debug_aranges
                0x0000000000000580       0x58 ./Drivers/STM32F4xx_HAL_Driver/Src/stm32f4xx_hal_gpio.o
 .debug_aranges
                0x00000000000005d8      0x2a0 ./Drivers/STM32F4xx_HAL_Driver/Src/stm32f4xx_hal_i2c.o
 .debug_aranges
                0x0000000000000878       0x88 ./Drivers/STM32F4xx_HAL_Driver/Src/stm32f4xx_hal_rcc.o
 .debug_aranges
                0x0000000000000900       0x78 ./Drivers/STM32F4xx_HAL_Driver/Src/stm32f4xx_hal_rcc_ex.o
 .debug_aranges
                0x0000000000000978      0x1d0 ./Drivers/STM32F4xx_HAL_Driver/Src/stm32f4xx_hal_spi.o
 .debug_aranges
                0x0000000000000b48      0x200 ./Drivers/STM32F4xx_HAL_Driver/Src/stm32f4xx_hal_uart.o

.debug_rnglists
                0x0000000000000000      0xa60
 .debug_rnglists
                0x0000000000000000       0x2d ./Core/Src/ComMgr.o
 .debug_rnglists
                0x000000000000002d       0x51 ./Core/Src/DS1307_prog.o
 .debug_rnglists
                0x000000000000007e       0x5e ./Core/Src/Dashboard.o
 .debug_rnglists
                0x00000000000000dc       0x25 ./Core/Src/StringLib.o
 .debug_rnglists
                0x0000000000000101       0x4c ./Core/Src/main.o
 .debug_rnglists
                0x000000000000014d       0x3a ./Core/Src/stm32f4xx_hal_msp.o
 .debug_rnglists
                0x0000000000000187       0x5b ./Core/Src/stm32f4xx_it.o
 .debug_rnglists
                0x00000000000001e2       0x1a ./Core/Src/system_stm32f4xx.o
 .debug_rnglists
                0x00000000000001fc       0x19 ./Core/Startup/startup_stm32f446retx.o
 .debug_rnglists
                0x0000000000000215       0xaf ./Drivers/STM32F4xx_HAL_Driver/Src/stm32f4xx_hal.o
 .debug_rnglists
                0x00000000000002c4       0xce ./Drivers/STM32F4xx_HAL_Driver/Src/stm32f4xx_hal_cortex.o
 .debug_rnglists
                0x0000000000000392       0x70 ./Drivers/STM32F4xx_HAL_Driver/Src/stm32f4xx_hal_dma.o
 .debug_rnglists
                0x0000000000000402       0x3f ./Drivers/STM32F4xx_HAL_Driver/Src/stm32f4xx_hal_gpio.o
 .debug_rnglists
                0x0000000000000441      0x235 ./Drivers/STM32F4xx_HAL_Driver/Src/stm32f4xx_hal_i2c.o
 .debug_rnglists
                0x0000000000000676       0x66 ./Drivers/STM32F4xx_HAL_Driver/Src/stm32f4xx_hal_rcc.o
 .debug_rnglists
                0x00000000000006dc       0x5e ./Drivers/STM32F4xx_HAL_Driver/Src/stm32f4xx_hal_rcc_ex.o
 .debug_rnglists
                0x000000000000073a      0x16f ./Drivers/STM32F4xx_HAL_Driver/Src/stm32f4xx_hal_spi.o
 .debug_rnglists
                0x00000000000008a9      0x1b7 ./Drivers/STM32F4xx_HAL_Driver/Src/stm32f4xx_hal_uart.o

.debug_macro    0x0000000000000000    0x21f9f
 .debug_macro   0x0000000000000000      0x1ef ./Core/Src/ComMgr.o
 .debug_macro   0x00000000000001ef      0xaa8 ./Core/Src/ComMgr.o
 .debug_macro   0x0000000000000c97       0x22 ./Core/Src/ComMgr.o
 .debug_macro   0x0000000000000cb9       0x8e ./Core/Src/ComMgr.o
 .debug_macro   0x0000000000000d47       0x51 ./Core/Src/ComMgr.o
 .debug_macro   0x0000000000000d98      0x103 ./Core/Src/ComMgr.o
 .debug_macro   0x0000000000000e9b       0x6a ./Core/Src/ComMgr.o
 .debug_macro   0x0000000000000f05      0x1df ./Core/Src/ComMgr.o
 .debug_macro   0x00000000000010e4       0x28 ./Core/Src/ComMgr.o
 .debug_macro   0x000000000000110c      0x2a1 ./Core/Src/ComMgr.o
 .debug_macro   0x00000000000013ad       0x2e ./Core/Src/ComMgr.o
 .debug_macro   0x00000000000013db       0x28 ./Core/Src/ComMgr.o
 .debug_macro   0x0000000000001403       0x1c ./Core/Src/ComMgr.o
 .debug_macro   0x000000000000141f       0x22 ./Core/Src/ComMgr.o
 .debug_macro   0x0000000000001441       0xd9 ./Core/Src/ComMgr.o
 .debug_macro   0x000000000000151a     0x102d ./Core/Src/ComMgr.o
 .debug_macro   0x0000000000002547      0x11f ./Core/Src/ComMgr.o
 .debug_macro   0x0000000000002666    0x16749 ./Core/Src/ComMgr.o
 .debug_macro   0x0000000000018daf       0x6d ./Core/Src/ComMgr.o
 .debug_macro   0x0000000000018e1c     0x367e ./Core/Src/ComMgr.o
 .debug_macro   0x000000000001c49a      0x174 ./Core/Src/ComMgr.o
 .debug_macro   0x000000000001c60e       0x5c ./Core/Src/ComMgr.o
 .debug_macro   0x000000000001c66a      0xc90 ./Core/Src/ComMgr.o
 .debug_macro   0x000000000001d2fa      0x9fe ./Core/Src/ComMgr.o
 .debug_macro   0x000000000001dcf8      0x115 ./Core/Src/ComMgr.o
 .debug_macro   0x000000000001de0d      0x1a0 ./Core/Src/ComMgr.o
 .debug_macro   0x000000000001dfad       0xa5 ./Core/Src/ComMgr.o
 .debug_macro   0x000000000001e052      0x16d ./Core/Src/ComMgr.o
 .debug_macro   0x000000000001e1bf      0x287 ./Core/Src/ComMgr.o
 .debug_macro   0x000000000001e446       0x5f ./Core/Src/ComMgr.o
 .debug_macro   0x000000000001e4a5      0x236 ./Core/Src/ComMgr.o
 .debug_macro   0x000000000001e6db      0x132 ./Core/Src/ComMgr.o
 .debug_macro   0x000000000001e80d      0x29c ./Core/Src/ComMgr.o
 .debug_macro   0x000000000001eaa9       0x2e ./Core/Src/ComMgr.o
 .debug_macro   0x000000000001ead7      0x1b5 ./Core/Src/ComMgr.o
 .debug_macro   0x000000000001ec8c       0x22 ./Core/Src/ComMgr.o
 .debug_macro   0x000000000001ecae       0xd6 ./Core/Src/ComMgr.o
 .debug_macro   0x000000000001ed84      0x11a ./Core/Src/ComMgr.o
 .debug_macro   0x000000000001ee9e       0xe8 ./Core/Src/ComMgr.o
 .debug_macro   0x000000000001ef86       0x89 ./Core/Src/ComMgr.o
 .debug_macro   0x000000000001f00f      0x225 ./Core/Src/ComMgr.o
 .debug_macro   0x000000000001f234      0x295 ./Core/Src/ComMgr.o
 .debug_macro   0x000000000001f4c9      0x126 ./Core/Src/ComMgr.o
 .debug_macro   0x000000000001f5ef       0x16 ./Core/Src/ComMgr.o
 .debug_macro   0x000000000001f605      0x1f9 ./Core/Src/DS1307_prog.o
 .debug_macro   0x000000000001f7fe       0xca ./Core/Src/DS1307_prog.o
 .debug_macro   0x000000000001f8c8      0x20b ./Core/Src/Dashboard.o
 .debug_macro   0x000000000001fad3       0x16 ./Core/Src/Dashboard.o
 .debug_macro   0x000000000001fae9       0x2e ./Core/Src/Dashboard.o
 .debug_macro   0x000000000001fb17       0x75 ./Core/Src/StringLib.o
 .debug_macro   0x000000000001fb8c      0x2f5 ./Core/Src/main.o
 .debug_macro   0x000000000001fe81       0x64 ./Core/Src/main.o
 .debug_macro   0x000000000001fee5       0x61 ./Core/Src/main.o
 .debug_macro   0x000000000001ff46       0x2a ./Core/Src/main.o
 .debug_macro   0x000000000001ff70       0x43 ./Core/Src/main.o
 .debug_macro   0x000000000001ffb3       0x34 ./Core/Src/main.o
 .debug_macro   0x000000000001ffe7       0x16 ./Core/Src/main.o
 .debug_macro   0x000000000001fffd       0x35 ./Core/Src/main.o
 .debug_macro   0x0000000000020032      0x369 ./Core/Src/main.o
 .debug_macro   0x000000000002039b       0x10 ./Core/Src/main.o
 .debug_macro   0x00000000000203ab       0x16 ./Core/Src/main.o
 .debug_macro   0x00000000000203c1       0x43 ./Core/Src/main.o
 .debug_macro   0x0000000000020404       0x34 ./Core/Src/main.o
 .debug_macro   0x0000000000020438       0x10 ./Core/Src/main.o
 .debug_macro   0x0000000000020448       0x58 ./Core/Src/main.o
 .debug_macro   0x00000000000204a0       0x8e ./Core/Src/main.o
 .debug_macro   0x000000000002052e       0x1c ./Core/Src/main.o
 .debug_macro   0x000000000002054a      0x177 ./Core/Src/main.o
 .debug_macro   0x00000000000206c1       0x16 ./Core/Src/main.o
 .debug_macro   0x00000000000206d7       0x16 ./Core/Src/main.o
 .debug_macro   0x00000000000206ed      0x147 ./Core/Src/main.o
 .debug_macro   0x0000000000020834      0x1ec ./Core/Src/stm32f4xx_hal_msp.o
 .debug_macro   0x0000000000020a20      0x1f6 ./Core/Src/stm32f4xx_it.o
 .debug_macro   0x0000000000020c16      0x1dd ./Core/Src/system_stm32f4xx.o
 .debug_macro   0x0000000000020df3      0x23d ./Drivers/STM32F4xx_HAL_Driver/Src/stm32f4xx_hal.o
 .debug_macro   0x0000000000021030      0x1dd ./Drivers/STM32F4xx_HAL_Driver/Src/stm32f4xx_hal_cortex.o
 .debug_macro   0x000000000002120d      0x1e3 ./Drivers/STM32F4xx_HAL_Driver/Src/stm32f4xx_hal_dma.o
 .debug_macro   0x00000000000213f0      0x1e3 ./Drivers/STM32F4xx_HAL_Driver/Src/stm32f4xx_hal_gpio.o
 .debug_macro   0x00000000000215d3      0x224 ./Drivers/STM32F4xx_HAL_Driver/Src/stm32f4xx_hal_i2c.o
 .debug_macro   0x00000000000217f7      0x201 ./Drivers/STM32F4xx_HAL_Driver/Src/stm32f4xx_hal_rcc.o
 .debug_macro   0x00000000000219f8      0x1dd ./Drivers/STM32F4xx_HAL_Driver/Src/stm32f4xx_hal_rcc_ex.o
 .debug_macro   0x0000000000021bd5      0x1ec ./Drivers/STM32F4xx_HAL_Driver/Src/stm32f4xx_hal_spi.o
 .debug_macro   0x0000000000021dc1      0x1de ./Drivers/STM32F4xx_HAL_Driver/Src/stm32f4xx_hal_uart.o

.debug_line     0x0000000000000000    0x12046
 .debug_line    0x0000000000000000      0x868 ./Core/Src/ComMgr.o
 .debug_line    0x0000000000000868      0x9e9 ./Core/Src/DS1307_prog.o
 .debug_line    0x0000000000001251      0xd24 ./Core/Src/Dashboard.o
 .debug_line    0x0000000000001f75      0x4ea ./Core/Src/StringLib.o
 .debug_line    0x000000000000245f      0xbd9 ./Core/Src/main.o
 .debug_line    0x0000000000003038      0x8bd ./Core/Src/stm32f4xx_hal_msp.o
 .debug_line    0x00000000000038f5      0x880 ./Core/Src/stm32f4xx_it.o
 .debug_line    0x0000000000004175      0x7df ./Core/Src/system_stm32f4xx.o
 .debug_line    0x0000000000004954       0x7a ./Core/Startup/startup_stm32f446retx.o
 .debug_line    0x00000000000049ce      0xa45 ./Drivers/STM32F4xx_HAL_Driver/Src/stm32f4xx_hal.o
 .debug_line    0x0000000000005413      0xcf4 ./Drivers/STM32F4xx_HAL_Driver/Src/stm32f4xx_hal_cortex.o
 .debug_line    0x0000000000006107      0xfa9 ./Drivers/STM32F4xx_HAL_Driver/Src/stm32f4xx_hal_dma.o
 .debug_line    0x00000000000070b0      0xba5 ./Drivers/STM32F4xx_HAL_Driver/Src/stm32f4xx_hal_gpio.o
 .debug_line    0x0000000000007c55     0x3a07 ./Drivers/STM32F4xx_HAL_Driver/Src/stm32f4xx_hal_i2c.o
 .debug_line    0x000000000000b65c      0xdca ./Drivers/STM32F4xx_HAL_Driver/Src/stm32f4xx_hal_rcc.o
 .debug_line    0x000000000000c426     0x1463 ./Drivers/STM32F4xx_HAL_Driver/Src/stm32f4xx_hal_rcc_ex.o
 .debug_line    0x000000000000d889     0x1cd6 ./Drivers/STM32F4xx_HAL_Driver/Src/stm32f4xx_hal_spi.o
 .debug_line    0x000000000000f55f     0x2ae7 ./Drivers/STM32F4xx_HAL_Driver/Src/stm32f4xx_hal_uart.o

.debug_str      0x0000000000000000    0xcce12
 .debug_str     0x0000000000000000    0xc53d2 ./Core/Src/ComMgr.o
                                      0xc56e0 (size before relaxing)
 .debug_str     0x00000000000c53d2      0x7b9 ./Core/Src/DS1307_prog.o
                                      0xc5990 (size before relaxing)
 .debug_str     0x00000000000c5b8b      0x396 ./Core/Src/Dashboard.o
                                      0xc54c8 (size before relaxing)
 .debug_str     0x00000000000c5f21       0x90 ./Core/Src/StringLib.o
                                       0x3e50 (size before relaxing)
 .debug_str     0x00000000000c5fb1     0x434b ./Core/Src/main.o
                                      0xc9d3a (size before relaxing)
 .debug_str     0x00000000000ca2fc      0x101 ./Core/Src/stm32f4xx_hal_msp.o
                                      0xc60bb (size before relaxing)
 .debug_str     0x00000000000ca3fd      0x158 ./Core/Src/stm32f4xx_it.o
                                      0xc5856 (size before relaxing)
 .debug_str     0x00000000000ca555       0xdb ./Core/Src/system_stm32f4xx.o
                                      0xc50bb (size before relaxing)
 .debug_str     0x00000000000ca630       0x34 ./Core/Startup/startup_stm32f446retx.o
                                         0x9f (size before relaxing)
 .debug_str     0x00000000000ca664      0x5da ./Drivers/STM32F4xx_HAL_Driver/Src/stm32f4xx_hal.o
                                      0xc5c80 (size before relaxing)
 .debug_str     0x00000000000cac3e      0x326 ./Drivers/STM32F4xx_HAL_Driver/Src/stm32f4xx_hal_cortex.o
                                      0xc598e (size before relaxing)
 .debug_str     0x00000000000caf64      0x2eb ./Drivers/STM32F4xx_HAL_Driver/Src/stm32f4xx_hal_dma.o
                                      0xc54b0 (size before relaxing)
 .debug_str     0x00000000000cb24f      0x121 ./Drivers/STM32F4xx_HAL_Driver/Src/stm32f4xx_hal_gpio.o
                                      0xc5236 (size before relaxing)
 .debug_str     0x00000000000cb370      0xa7c ./Drivers/STM32F4xx_HAL_Driver/Src/stm32f4xx_hal_i2c.o
                                      0xc6066 (size before relaxing)
 .debug_str     0x00000000000cbdec      0x213 ./Drivers/STM32F4xx_HAL_Driver/Src/stm32f4xx_hal_rcc.o
                                      0xc54f4 (size before relaxing)
 .debug_str     0x00000000000cbfff      0x324 ./Drivers/STM32F4xx_HAL_Driver/Src/stm32f4xx_hal_rcc_ex.o
                                      0xc5527 (size before relaxing)
 .debug_str     0x00000000000cc323      0x51e ./Drivers/STM32F4xx_HAL_Driver/Src/stm32f4xx_hal_spi.o
                                      0xc595a (size before relaxing)
 .debug_str     0x00000000000cc841      0x5d1 ./Drivers/STM32F4xx_HAL_Driver/Src/stm32f4xx_hal_uart.o
                                      0xc5a69 (size before relaxing)

.debug_frame    0x0000000000000000     0x36f8
 .debug_frame   0x0000000000000000       0xc4 ./Core/Src/ComMgr.o
 .debug_frame   0x00000000000000c4      0x1ac ./Core/Src/DS1307_prog.o
 .debug_frame   0x0000000000000270      0x1d0 ./Core/Src/Dashboard.o
 .debug_frame   0x0000000000000440       0xb0 ./Core/Src/StringLib.o
 .debug_frame   0x00000000000004f0      0x154 ./Core/Src/main.o
 .debug_frame   0x0000000000000644      0x10c ./Core/Src/stm32f4xx_hal_msp.o
 .debug_frame   0x0000000000000750      0x174 ./Core/Src/stm32f4xx_it.o
 .debug_frame   0x00000000000008c4       0x58 ./Core/Src/system_stm32f4xx.o
 .debug_frame   0x000000000000091c      0x374 ./Drivers/STM32F4xx_HAL_Driver/Src/stm32f4xx_hal.o
 .debug_frame   0x0000000000000c90      0x498 ./Drivers/STM32F4xx_HAL_Driver/Src/stm32f4xx_hal_cortex.o
 .debug_frame   0x0000000000001128      0x250 ./Drivers/STM32F4xx_HAL_Driver/Src/stm32f4xx_hal_dma.o
 .debug_frame   0x0000000000001378      0x14c ./Drivers/STM32F4xx_HAL_Driver/Src/stm32f4xx_hal_gpio.o
 .debug_frame   0x00000000000014c4      0xc5c ./Drivers/STM32F4xx_HAL_Driver/Src/stm32f4xx_hal_i2c.o
 .debug_frame   0x0000000000002120      0x1f4 ./Drivers/STM32F4xx_HAL_Driver/Src/stm32f4xx_hal_rcc.o
 .debug_frame   0x0000000000002314      0x1e8 ./Drivers/STM32F4xx_HAL_Driver/Src/stm32f4xx_hal_rcc_ex.o
 .debug_frame   0x00000000000024fc      0x824 ./Drivers/STM32F4xx_HAL_Driver/Src/stm32f4xx_hal_spi.o
 .debug_frame   0x0000000000002d20      0x92c ./Drivers/STM32F4xx_HAL_Driver/Src/stm32f4xx_hal_uart.o
 .debug_frame   0x000000000000364c       0x20 C:/ST/STM32CubeIDE_1.12.0/STM32CubeIDE/plugins/com.st.stm32cube.ide.mcu.externaltools.gnu-tools-for-stm32.11.3.rel1.win32_1.1.0.202305231506/tools/bin/../lib/gcc/arm-none-eabi/11.3.1/../../../../arm-none-eabi/lib/thumb/v7e-m+fp/hard\libc_nano.a(libc_a-memset.o)
 .debug_frame   0x000000000000366c       0x2c C:/ST/STM32CubeIDE_1.12.0/STM32CubeIDE/plugins/com.st.stm32cube.ide.mcu.externaltools.gnu-tools-for-stm32.11.3.rel1.win32_1.1.0.202305231506/tools/bin/../lib/gcc/arm-none-eabi/11.3.1/../../../../arm-none-eabi/lib/thumb/v7e-m+fp/hard\libc_nano.a(libc_a-init.o)
 .debug_frame   0x0000000000003698       0x2c C:/ST/STM32CubeIDE_1.12.0/STM32CubeIDE/plugins/com.st.stm32cube.ide.mcu.externaltools.gnu-tools-for-stm32.11.3.rel1.win32_1.1.0.202305231506/tools/bin/../lib/gcc/arm-none-eabi/11.3.1/thumb/v7e-m+fp/hard\libgcc.a(_aeabi_uldivmod.o)
 .debug_frame   0x00000000000036c4       0x34 C:/ST/STM32CubeIDE_1.12.0/STM32CubeIDE/plugins/com.st.stm32cube.ide.mcu.externaltools.gnu-tools-for-stm32.11.3.rel1.win32_1.1.0.202305231506/tools/bin/../lib/gcc/arm-none-eabi/11.3.1/thumb/v7e-m+fp/hard\libgcc.a(_udivmoddi4.o)

.debug_line_str
                0x0000000000000000       0x93
 .debug_line_str
                0x0000000000000000       0x93 ./Core/Startup/startup_stm32f446retx.o
                                         0xab (size before relaxing)
